#! /usr/bin/vvp
:ivl_version "12.0 (stable)";
:ivl_delay_selection "TYPICAL";
:vpi_time_precision - 12;
:vpi_module "/usr/lib/x86_64-linux-gnu/ivl/system.vpi";
:vpi_module "/usr/lib/x86_64-linux-gnu/ivl/vhdl_sys.vpi";
:vpi_module "/usr/lib/x86_64-linux-gnu/ivl/vhdl_textio.vpi";
:vpi_module "/usr/lib/x86_64-linux-gnu/ivl/v2005_math.vpi";
:vpi_module "/usr/lib/x86_64-linux-gnu/ivl/va_math.vpi";
S_0x5571cf0930d0 .scope module, "tb_unicell_v3" "tb_unicell_v3" 2 22;
 .timescale -9 -12;
P_0x5571cf08c4d0 .param/l "AUTH" 1 2 80, C4<01010100101>;
P_0x5571cf08c510 .param/l "IN_ADDR" 1 2 82, C4<00000000000000000001000000000000>;
P_0x5571cf08c550 .param/l "OUT_ADDR" 1 2 83, C4<00000000000000000010000000000000>;
P_0x5571cf08c590 .param/l "WRONG_AUTH" 1 2 81, C4<00100000000>;
v0x5571cf0d6280_0 .var "bus_addr", 31 0;
v0x5571cf0d6390_0 .var "bus_data", 31 0;
v0x5571cf0d6460_0 .var "bus_valid", 0 0;
v0x5571cf0d6560_0 .var "clk", 0 0;
v0x5571cf0d6630_0 .var "cmd_bus", 31 0;
v0x5571cf0d6720_0 .var "cmd_valid", 0 0;
v0x5571cf0d67f0_0 .net "dbg_breakpoint", 0 0, L_0x5571cf0e91f0;  1 drivers
v0x5571cf0d68c0_0 .net "dbg_cmd_latch", 31 0, L_0x5571cf0e8c20;  1 drivers
v0x5571cf0d6990_0 .net "dbg_frozen", 0 0, L_0x5571cf0d7f20;  1 drivers
v0x5571cf0d6a60_0 .net "dbg_input_addr", 31 0, L_0x5571cf0b3d30;  1 drivers
v0x5571cf0d6b30_0 .net "dbg_output_addr", 31 0, L_0x5571cf0b3cc0;  1 drivers
v0x5571cf0d6c00_0 .net "dbg_priority", 0 0, L_0x5571cf0e9360;  1 drivers
v0x5571cf0d6cd0_0 .net "dbg_trace", 0 0, L_0x5571cf0e90e0;  1 drivers
v0x5571cf0d6da0_0 .var/i "fail_count", 31 0;
v0x5571cf0d6e40_0 .var "fired", 0 0;
v0x5571cf0d6ee0_0 .var "freeze", 0 0;
v0x5571cf0d6fb0_0 .net "out_addr", 31 0, v0x5571cf0d3ca0_0;  1 drivers
v0x5571cf0d7080_0 .net "out_data", 31 0, v0x5571cf0d40c0_0;  1 drivers
v0x5571cf0d7150_0 .net "out_valid", 0 0, v0x5571cf0d41a0_0;  1 drivers
v0x5571cf0d7220_0 .var/i "pass_count", 31 0;
v0x5571cf0d72c0_0 .var "rst", 0 0;
S_0x5571cf07a3d0 .scope task, "chk" "chk" 2 51, 2 51 0, S_0x5571cf0930d0;
 .timescale -9 -12;
v0x5571cf071960_0 .var "expected", 0 0;
v0x5571cf071ec0_0 .var "got", 0 0;
v0x5571cf072310_0 .var "name", 255 0;
TD_tb_unicell_v3.chk ;
    %load/vec4 v0x5571cf071ec0_0;
    %load/vec4 v0x5571cf071960_0;
    %cmp/e;
    %jmp/0xz  T_0.0, 6;
    %vpi_call 2 56 "$display", "  PASS %0s", v0x5571cf072310_0 {0 0 0};
    %load/vec4 v0x5571cf0d7220_0;
    %addi 1, 0, 32;
    %store/vec4 v0x5571cf0d7220_0, 0, 32;
    %jmp T_0.1;
T_0.0 ;
    %vpi_call 2 59 "$display", "  FAIL %0s  got=%b expected=%b", v0x5571cf072310_0, v0x5571cf071ec0_0, v0x5571cf071960_0 {0 0 0};
    %load/vec4 v0x5571cf0d6da0_0;
    %addi 1, 0, 32;
    %store/vec4 v0x5571cf0d6da0_0, 0, 32;
T_0.1 ;
    %end;
S_0x5571cf07b250 .scope task, "chk32" "chk32" 2 65, 2 65 0, S_0x5571cf0930d0;
 .timescale -9 -12;
v0x5571cf070cf0_0 .var "expected", 31 0;
v0x5571cf071450_0 .var "got", 31 0;
v0x5571cf070880_0 .var "name", 255 0;
TD_tb_unicell_v3.chk32 ;
    %load/vec4 v0x5571cf071450_0;
    %load/vec4 v0x5571cf070cf0_0;
    %cmp/e;
    %jmp/0xz  T_1.2, 6;
    %vpi_call 2 70 "$display", "  PASS %0s", v0x5571cf070880_0 {0 0 0};
    %load/vec4 v0x5571cf0d7220_0;
    %addi 1, 0, 32;
    %store/vec4 v0x5571cf0d7220_0, 0, 32;
    %jmp T_1.3;
T_1.2 ;
    %vpi_call 2 73 "$display", "  FAIL %0s  got=%08h expected=%08h", v0x5571cf070880_0, v0x5571cf071450_0, v0x5571cf070cf0_0 {0 0 0};
    %load/vec4 v0x5571cf0d6da0_0;
    %addi 1, 0, 32;
    %store/vec4 v0x5571cf0d6da0_0, 0, 32;
T_1.3 ;
    %end;
S_0x5571cf07aed0 .scope task, "clear_fired" "clear_fired" 2 145, 2 145 0, S_0x5571cf0930d0;
 .timescale -9 -12;
E_0x5571cf055cf0 .event negedge, v0x5571cf0d2000_0;
TD_tb_unicell_v3.clear_fired ;
    %wait E_0x5571cf055cf0;
    %pushi/vec4 0, 0, 1;
    %assign/vec4 v0x5571cf0d6e40_0, 0;
    %end;
S_0x5571cf07ab50 .scope module, "dut" "unicell_v3" 2 35, 3 57 0, S_0x5571cf0930d0;
 .timescale -9 -12;
    .port_info 0 /INPUT 1 "clk";
    .port_info 1 /INPUT 1 "rst";
    .port_info 2 /INPUT 1 "freeze";
    .port_info 3 /INPUT 32 "cmd_bus";
    .port_info 4 /INPUT 1 "cmd_valid";
    .port_info 5 /INPUT 32 "bus_addr";
    .port_info 6 /INPUT 32 "bus_data";
    .port_info 7 /INPUT 1 "bus_valid";
    .port_info 8 /OUTPUT 32 "out_addr";
    .port_info 9 /OUTPUT 32 "out_data";
    .port_info 10 /OUTPUT 1 "out_valid";
    .port_info 11 /OUTPUT 32 "dbg_cmd_latch";
    .port_info 12 /OUTPUT 32 "dbg_input_addr";
    .port_info 13 /OUTPUT 32 "dbg_output_addr";
    .port_info 14 /OUTPUT 1 "dbg_frozen";
    .port_info 15 /OUTPUT 1 "dbg_trace";
    .port_info 16 /OUTPUT 1 "dbg_breakpoint";
    .port_info 17 /OUTPUT 1 "dbg_priority";
P_0x5571cf0cf9c0 .param/l "CELL_ID" 0 3 58, +C4<00000000000000000000000000101010>;
P_0x5571cf0cfa00 .param/l "CMD_COPY_TO_IN" 1 3 97, C4<1000>;
P_0x5571cf0cfa40 .param/l "CMD_COPY_TO_OUT" 1 3 96, C4<0111>;
P_0x5571cf0cfa80 .param/l "CMD_DATA_WRITE" 1 3 90, C4<0001>;
P_0x5571cf0cfac0 .param/l "CMD_FREEZE" 1 3 94, C4<0101>;
P_0x5571cf0cfb00 .param/l "CMD_NOP" 1 3 89, C4<0000>;
P_0x5571cf0cfb40 .param/l "CMD_PING" 1 3 98, C4<1001>;
P_0x5571cf0cfb80 .param/l "CMD_RECONFIGURE" 1 3 93, C4<0100>;
P_0x5571cf0cfbc0 .param/l "CMD_RELEASE" 1 3 95, C4<0110>;
P_0x5571cf0cfc00 .param/l "CMD_SET_INPUT_ADDR" 1 3 91, C4<0010>;
P_0x5571cf0cfc40 .param/l "CMD_SET_OUTPUT_ADDR" 1 3 92, C4<0011>;
P_0x5571cf0cfc80 .param/l "CTYPE_LATCH" 1 3 103, C4<01>;
P_0x5571cf0cfcc0 .param/l "CTYPE_NEGEDGE" 1 3 105, C4<11>;
P_0x5571cf0cfd00 .param/l "CTYPE_POSEDGE" 1 3 104, C4<10>;
P_0x5571cf0cfd40 .param/l "CTYPE_STANDARD" 1 3 102, C4<00>;
P_0x5571cf0cfd80 .param/l "DTYPE_ALPHA" 1 3 110, C4<10>;
P_0x5571cf0cfdc0 .param/l "DTYPE_DATETIME" 1 3 111, C4<11>;
P_0x5571cf0cfe00 .param/l "DTYPE_NUMERIC" 1 3 108, C4<00>;
P_0x5571cf0cfe40 .param/l "DTYPE_SIGNED" 1 3 109, C4<01>;
P_0x5571cf0cfe80 .param/l "RCFG_AUTH" 1 3 115, C4<01>;
P_0x5571cf0cfec0 .param/l "RCFG_CONFIG" 1 3 116, C4<10>;
P_0x5571cf0cff00 .param/l "RCFG_IDLE" 1 3 114, C4<00>;
L_0x5571cf071d60 .functor OR 1, L_0x5571cf0e80a0, L_0x5571cf0e81f0, C4<0>, C4<0>;
L_0x5571cf0721f0 .functor AND 1, L_0x5571cf0d7560, L_0x5571cf0e8380, C4<1>, C4<1>;
L_0x5571cf070bd0 .functor AND 1, L_0x5571cf0721f0, L_0x5571cf0e85a0, C4<1>, C4<1>;
L_0x5571cf071330 .functor AND 1, v0x5571cf0d6460_0, L_0x5571cf0e86e0, C4<1>, C4<1>;
L_0x5571cf0706e0 .functor AND 1, L_0x5571cf071330, L_0x5571cf070bd0, C4<1>, C4<1>;
L_0x5571cf0b3d30 .functor BUFZ 32, v0x5571cf0d3940_0, C4<00000000000000000000000000000000>, C4<00000000000000000000000000000000>, C4<00000000000000000000000000000000>;
L_0x5571cf0b3cc0 .functor BUFZ 32, v0x5571cf0d4260_0, C4<00000000000000000000000000000000>, C4<00000000000000000000000000000000>, C4<00000000000000000000000000000000>;
L_0x5571cf0d7f20 .functor OR 1, v0x5571cf0d6ee0_0, v0x5571cf0d3040_0, C4<0>, C4<0>;
L_0x5571cf0e90e0 .functor BUFZ 1, L_0x5571cf0d78e0, C4<0>, C4<0>, C4<0>;
L_0x5571cf0e91f0 .functor BUFZ 1, L_0x5571cf0d7980, C4<0>, C4<0>, C4<0>;
L_0x5571cf0e9360 .functor BUFZ 1, L_0x5571cf0d77d0, C4<0>, C4<0>, C4<0>;
L_0x7f2a5cdb7018 .functor BUFT 1, C4<00000000000>, C4<0>, C4<0>, C4<0>;
v0x5571cf0d0b80_0 .net/2u *"_ivl_26", 10 0, L_0x7f2a5cdb7018;  1 drivers
v0x5571cf0d0c80_0 .net *"_ivl_28", 0 0, L_0x5571cf0e80a0;  1 drivers
v0x5571cf0d0d40_0 .net *"_ivl_30", 0 0, L_0x5571cf0e81f0;  1 drivers
v0x5571cf0d0e10_0 .net *"_ivl_35", 0 0, L_0x5571cf0e8380;  1 drivers
v0x5571cf0d0ed0_0 .net *"_ivl_37", 0 0, L_0x5571cf0721f0;  1 drivers
v0x5571cf0d0fe0_0 .net *"_ivl_39", 0 0, L_0x5571cf0e85a0;  1 drivers
v0x5571cf0d10a0_0 .net *"_ivl_42", 0 0, L_0x5571cf0e86e0;  1 drivers
v0x5571cf0d1160_0 .net *"_ivl_45", 0 0, L_0x5571cf071330;  1 drivers
v0x5571cf0d1220_0 .net *"_ivl_51", 9 0, L_0x5571cf0e8ad0;  1 drivers
L_0x7f2a5cdb7060 .functor BUFT 1, C4<00000000000>, C4<0>, C4<0>, C4<0>;
v0x5571cf0d1300_0 .net/2u *"_ivl_52", 10 0, L_0x7f2a5cdb7060;  1 drivers
v0x5571cf0d13e0_0 .net *"_ivl_55", 10 0, L_0x5571cf0e87d0;  1 drivers
v0x5571cf0d14c0_0 .var "arrival_count", 0 0;
v0x5571cf0d1580_0 .net "auth_ok", 0 0, L_0x5571cf071d60;  1 drivers
v0x5571cf0d1640_0 .net "bus_addr", 31 0, v0x5571cf0d6280_0;  1 drivers
v0x5571cf0d1720_0 .net "bus_data", 31 0, v0x5571cf0d6390_0;  1 drivers
v0x5571cf0d1800_0 .net "bus_valid", 0 0, v0x5571cf0d6460_0;  1 drivers
v0x5571cf0d18c0_0 .net "cell_active", 0 0, L_0x5571cf070bd0;  1 drivers
v0x5571cf0d1980_0 .net "cl_auth_mask", 10 0, L_0x5571cf0d7490;  1 drivers
v0x5571cf0d1a60_0 .net "cl_breakpoint", 0 0, L_0x5571cf0d7980;  1 drivers
v0x5571cf0d1b20_0 .net "cl_ctype", 1 0, L_0x5571cf0d7700;  1 drivers
v0x5571cf0d1c00_0 .net "cl_dtype", 1 0, L_0x5571cf0d7600;  1 drivers
v0x5571cf0d1ce0_0 .net "cl_priority", 0 0, L_0x5571cf0d77d0;  1 drivers
v0x5571cf0d1da0_0 .net "cl_start_flag", 0 0, L_0x5571cf0d7560;  1 drivers
v0x5571cf0d1e60_0 .net "cl_topology", 10 0, L_0x5571cf0d7390;  1 drivers
v0x5571cf0d1f40_0 .net "cl_trace", 0 0, L_0x5571cf0d78e0;  1 drivers
v0x5571cf0d2000_0 .net "clk", 0 0, v0x5571cf0d6560_0;  1 drivers
v0x5571cf0d20c0_0 .net "cmd_amode", 0 0, L_0x5571cf0d7d80;  1 drivers
v0x5571cf0d2180_0 .net "cmd_bus", 31 0, v0x5571cf0d6630_0;  1 drivers
v0x5571cf0d2260_0 .net "cmd_code", 3 0, L_0x5571cf0d7bb0;  1 drivers
v0x5571cf0d2340_0 .net "cmd_ident", 2 0, L_0x5571cf0d7f90;  1 drivers
v0x5571cf0d2420_0 .var "cmd_latch", 31 0;
v0x5571cf0d2500_0 .net "cmd_seqcnt", 6 0, L_0x5571cf0d7e50;  1 drivers
v0x5571cf0d25e0_0 .net "cmd_token", 10 0, L_0x5571cf0d7c80;  1 drivers
v0x5571cf0d26c0_0 .net "cmd_valid", 0 0, v0x5571cf0d6720_0;  1 drivers
v0x5571cf0d2780_0 .var "computed_output", 0 0;
v0x5571cf0d2840_0 .net "data_match", 0 0, L_0x5571cf0706e0;  1 drivers
v0x5571cf0d2900_0 .var "data_reg", 31 0;
v0x5571cf0d29e0_0 .net "dbg_breakpoint", 0 0, L_0x5571cf0e91f0;  alias, 1 drivers
v0x5571cf0d2aa0_0 .net "dbg_cmd_latch", 31 0, L_0x5571cf0e8c20;  alias, 1 drivers
v0x5571cf0d2b80_0 .net "dbg_frozen", 0 0, L_0x5571cf0d7f20;  alias, 1 drivers
v0x5571cf0d2c40_0 .net "dbg_input_addr", 31 0, L_0x5571cf0b3d30;  alias, 1 drivers
v0x5571cf0d2d20_0 .net "dbg_output_addr", 31 0, L_0x5571cf0b3cc0;  alias, 1 drivers
v0x5571cf0d2e00_0 .net "dbg_priority", 0 0, L_0x5571cf0e9360;  alias, 1 drivers
v0x5571cf0d2ec0_0 .net "dbg_trace", 0 0, L_0x5571cf0e90e0;  alias, 1 drivers
v0x5571cf0d2f80_0 .net "freeze", 0 0, v0x5571cf0d6ee0_0;  1 drivers
v0x5571cf0d3040_0 .var "freeze_latch", 0 0;
v0x5571cf0d3100_0 .var "g0", 0 0;
v0x5571cf0d31c0_0 .var "g1", 0 0;
v0x5571cf0d3280_0 .var "g2", 0 0;
v0x5571cf0d3340_0 .var "g3", 0 0;
v0x5571cf0d3400_0 .var "g4", 0 0;
v0x5571cf0d34c0_0 .var "g5", 0 0;
v0x5571cf0d3580_0 .var "g6", 0 0;
v0x5571cf0d3640_0 .var "g7", 0 0;
v0x5571cf0d3700_0 .var "g8", 0 0;
v0x5571cf0d37c0_0 .var "g9", 0 0;
v0x5571cf0d3880_0 .var "in_val", 0 0;
v0x5571cf0d3940_0 .var "input_addr_latch", 31 0;
v0x5571cf0d3a20_0 .var "input_latch_a", 31 0;
v0x5571cf0d3b00_0 .var "input_latch_b", 31 0;
v0x5571cf0d3be0_0 .var "odd_phase", 0 0;
v0x5571cf0d3ca0_0 .var "out_addr", 31 0;
v0x5571cf0d3d80_0 .var "out_buf_addr", 31 0;
v0x5571cf0d3e60_0 .var "out_buf_data", 31 0;
v0x5571cf0d3f40_0 .var "out_buf_posedge", 0 0;
v0x5571cf0d4000_0 .var "out_buf_valid", 0 0;
v0x5571cf0d40c0_0 .var "out_data", 31 0;
v0x5571cf0d41a0_0 .var "out_valid", 0 0;
v0x5571cf0d4260_0 .var "output_addr_latch", 31 0;
v0x5571cf0d4340_0 .var "rcfg_state", 1 0;
v0x5571cf0d4420_0 .net "rst", 0 0, v0x5571cf0d72c0_0;  1 drivers
v0x5571cf0d44e0_0 .net "sync_wait_mode", 0 0, L_0x5571cf0e89e0;  1 drivers
E_0x5571cf053bb0 .event posedge, v0x5571cf0d2000_0;
E_0x5571cf057ec0/0 .event anyedge, v0x5571cf0d2840_0, v0x5571cf0d1720_0, v0x5571cf0d2900_0, v0x5571cf0d3880_0;
E_0x5571cf057ec0/1 .event anyedge, v0x5571cf0d3100_0, v0x5571cf0d31c0_0, v0x5571cf0d3280_0, v0x5571cf0d3340_0;
E_0x5571cf057ec0/2 .event anyedge, v0x5571cf0d3400_0, v0x5571cf0d34c0_0, v0x5571cf0d3580_0, v0x5571cf0d3640_0;
E_0x5571cf057ec0/3 .event anyedge, v0x5571cf0d3700_0, v0x5571cf0d1e60_0, v0x5571cf0d37c0_0;
E_0x5571cf057ec0 .event/or E_0x5571cf057ec0/0, E_0x5571cf057ec0/1, E_0x5571cf057ec0/2, E_0x5571cf057ec0/3;
L_0x5571cf0d7390 .part v0x5571cf0d2420_0, 0, 11;
L_0x5571cf0d7490 .part v0x5571cf0d2420_0, 11, 11;
L_0x5571cf0d7560 .part v0x5571cf0d2420_0, 22, 1;
L_0x5571cf0d7600 .part v0x5571cf0d2420_0, 23, 2;
L_0x5571cf0d7700 .part v0x5571cf0d2420_0, 25, 2;
L_0x5571cf0d77d0 .part v0x5571cf0d2420_0, 27, 1;
L_0x5571cf0d78e0 .part v0x5571cf0d2420_0, 28, 1;
L_0x5571cf0d7980 .part v0x5571cf0d2420_0, 29, 1;
L_0x5571cf0d7bb0 .part v0x5571cf0d6630_0, 0, 4;
L_0x5571cf0d7c80 .part v0x5571cf0d6630_0, 4, 11;
L_0x5571cf0d7d80 .part v0x5571cf0d6630_0, 15, 1;
L_0x5571cf0d7e50 .part v0x5571cf0d6630_0, 22, 7;
L_0x5571cf0d7f90 .part v0x5571cf0d6630_0, 29, 3;
L_0x5571cf0e80a0 .cmp/eq 11, L_0x5571cf0d7490, L_0x7f2a5cdb7018;
L_0x5571cf0e81f0 .cmp/eq 11, L_0x5571cf0d7c80, L_0x5571cf0d7490;
L_0x5571cf0e8380 .reduce/nor v0x5571cf0d6ee0_0;
L_0x5571cf0e85a0 .reduce/nor v0x5571cf0d3040_0;
L_0x5571cf0e86e0 .cmp/eq 32, v0x5571cf0d6280_0, v0x5571cf0d3940_0;
L_0x5571cf0e89e0 .part L_0x5571cf0d7390, 10, 1;
L_0x5571cf0e8ad0 .part v0x5571cf0d2420_0, 22, 10;
L_0x5571cf0e87d0 .part v0x5571cf0d2420_0, 0, 11;
L_0x5571cf0e8c20 .concat [ 11 11 10 0], L_0x5571cf0e87d0, L_0x7f2a5cdb7060, L_0x5571cf0e8ad0;
S_0x5571cf0d4880 .scope task, "idle_bus" "idle_bus" 2 111, 2 111 0, S_0x5571cf0930d0;
 .timescale -9 -12;
TD_tb_unicell_v3.idle_bus ;
    %pushi/vec4 0, 0, 32;
    %assign/vec4 v0x5571cf0d6630_0, 0;
    %pushi/vec4 0, 0, 1;
    %assign/vec4 v0x5571cf0d6720_0, 0;
    %pushi/vec4 0, 0, 32;
    %assign/vec4 v0x5571cf0d6280_0, 0;
    %pushi/vec4 0, 0, 32;
    %assign/vec4 v0x5571cf0d6390_0, 0;
    %pushi/vec4 0, 0, 1;
    %assign/vec4 v0x5571cf0d6460_0, 0;
    %pushi/vec4 0, 0, 1;
    %assign/vec4 v0x5571cf0d6ee0_0, 0;
    %end;
S_0x5571cf0d4a60 .scope function.vec4.s32, "mk_cfg" "mk_cfg" 2 97, 2 97 0, S_0x5571cf0930d0;
 .timescale -9 -12;
v0x5571cefe1d20_0 .var "bp", 0 0;
v0x5571cf0d4c80_0 .var "ctype", 1 0;
v0x5571cf0d4d60_0 .var "dtype", 1 0;
; Variable mk_cfg is vec4 return value of scope S_0x5571cf0d4a60
v0x5571cf0d4f00_0 .var "prio", 0 0;
v0x5571cf0d5010_0 .var "sw", 0 0;
v0x5571cf0d50d0_0 .var "topo", 9 0;
v0x5571cf0d51b0_0 .var "tr", 0 0;
TD_tb_unicell_v3.mk_cfg ;
    %pushi/vec4 0, 0, 2;
    %load/vec4 v0x5571cefe1d20_0;
    %concat/vec4; draw_concat_vec4
    %load/vec4 v0x5571cf0d51b0_0;
    %concat/vec4; draw_concat_vec4
    %load/vec4 v0x5571cf0d4f00_0;
    %concat/vec4; draw_concat_vec4
    %load/vec4 v0x5571cf0d4c80_0;
    %concat/vec4; draw_concat_vec4
    %load/vec4 v0x5571cf0d4d60_0;
    %concat/vec4; draw_concat_vec4
    %concati/vec4 0, 0, 1;
    %concati/vec4 0, 0, 11;
    %load/vec4 v0x5571cf0d5010_0;
    %concat/vec4; draw_concat_vec4
    %load/vec4 v0x5571cf0d50d0_0;
    %concat/vec4; draw_concat_vec4
    %ret/vec4 0, 0, 32;  Assign to mk_cfg (store_vec4_to_lval)
    %end;
S_0x5571cf0d5270 .scope function.vec4.s32, "mk_cmd" "mk_cmd" 2 87, 2 87 0, S_0x5571cf0930d0;
 .timescale -9 -12;
v0x5571cf0d5450_0 .var "code", 3 0;
; Variable mk_cmd is vec4 return value of scope S_0x5571cf0d5270
v0x5571cf0d5630_0 .var "token", 10 0;
TD_tb_unicell_v3.mk_cmd ;
    %pushi/vec4 0, 0, 17;
    %load/vec4 v0x5571cf0d5630_0;
    %concat/vec4; draw_concat_vec4
    %load/vec4 v0x5571cf0d5450_0;
    %concat/vec4; draw_concat_vec4
    %ret/vec4 0, 0, 32;  Assign to mk_cmd (store_vec4_to_lval)
    %end;
S_0x5571cf0d56f0 .scope task, "reconfig" "reconfig" 2 134, 2 134 0, S_0x5571cf0930d0;
 .timescale -9 -12;
v0x5571cf0d58d0_0 .var "cfg", 31 0;
TD_tb_unicell_v3.reconfig ;
    %pushi/vec4 4, 0, 4;
    %pushi/vec4 677, 0, 11;
    %store/vec4 v0x5571cf0d5630_0, 0, 11;
    %store/vec4 v0x5571cf0d5450_0, 0, 4;
    %callf/vec4 TD_tb_unicell_v3.mk_cmd, S_0x5571cf0d5270;
    %store/vec4 v0x5571cf0d5bb0_0, 0, 32;
    %pushi/vec4 0, 0, 32;
    %store/vec4 v0x5571cf0d5cb0_0, 0, 32;
    %load/vec4 v0x5571cf0d58d0_0;
    %store/vec4 v0x5571cf0d5d90_0, 0, 32;
    %pushi/vec4 1, 0, 1;
    %store/vec4 v0x5571cf0d5e50_0, 0, 1;
    %fork TD_tb_unicell_v3.send, S_0x5571cf0d59d0;
    %join;
    %wait E_0x5571cf053bb0;
    %delay 1000, 0;
    %end;
S_0x5571cf0d59d0 .scope task, "send" "send" 2 120, 2 120 0, S_0x5571cf0930d0;
 .timescale -9 -12;
v0x5571cf0d5bb0_0 .var "cmd", 31 0;
v0x5571cf0d5cb0_0 .var "daddr", 31 0;
v0x5571cf0d5d90_0 .var "ddata", 31 0;
v0x5571cf0d5e50_0 .var "dv", 0 0;
TD_tb_unicell_v3.send ;
    %wait E_0x5571cf055cf0;
    %load/vec4 v0x5571cf0d5bb0_0;
    %assign/vec4 v0x5571cf0d6630_0, 0;
    %pushi/vec4 1, 0, 1;
    %assign/vec4 v0x5571cf0d6720_0, 0;
    %load/vec4 v0x5571cf0d5cb0_0;
    %assign/vec4 v0x5571cf0d6280_0, 0;
    %load/vec4 v0x5571cf0d5d90_0;
    %assign/vec4 v0x5571cf0d6390_0, 0;
    %load/vec4 v0x5571cf0d5e50_0;
    %assign/vec4 v0x5571cf0d6460_0, 0;
    %wait E_0x5571cf053bb0;
    %delay 1000, 0;
    %pushi/vec4 0, 0, 1;
    %assign/vec4 v0x5571cf0d6720_0, 0;
    %pushi/vec4 0, 0, 1;
    %assign/vec4 v0x5571cf0d6460_0, 0;
    %end;
S_0x5571cf0d5f10 .scope task, "write_and_wait" "write_and_wait" 2 148, 2 148 0, S_0x5571cf0930d0;
 .timescale -9 -12;
v0x5571cf0d60a0_0 .var/i "ncycles", 31 0;
v0x5571cf0d61a0_0 .var "val", 31 0;
TD_tb_unicell_v3.write_and_wait ;
    %fork TD_tb_unicell_v3.clear_fired, S_0x5571cf07aed0;
    %join;
    %wait E_0x5571cf055cf0;
    %pushi/vec4 4096, 0, 32;
    %assign/vec4 v0x5571cf0d6280_0, 0;
    %load/vec4 v0x5571cf0d61a0_0;
    %assign/vec4 v0x5571cf0d6390_0, 0;
    %pushi/vec4 1, 0, 1;
    %assign/vec4 v0x5571cf0d6460_0, 0;
    %wait E_0x5571cf053bb0;
    %delay 1000, 0;
    %pushi/vec4 0, 0, 1;
    %assign/vec4 v0x5571cf0d6460_0, 0;
    %load/vec4 v0x5571cf0d60a0_0;
T_8.4 %dup/vec4;
    %pushi/vec4 0, 0, 32;
    %cmp/s;
    %jmp/1xz T_8.5, 5;
    %jmp/1 T_8.5, 4;
    %pushi/vec4 1, 0, 32;
    %sub;
    %wait E_0x5571cf053bb0;
    %jmp T_8.4;
T_8.5 ;
    %pop/vec4 1;
    %delay 1000, 0;
    %end;
    .scope S_0x5571cf07ab50;
T_9 ;
    %pushi/vec4 0, 0, 32;
    %store/vec4 v0x5571cf0d2420_0, 0, 32;
    %pushi/vec4 0, 0, 32;
    %store/vec4 v0x5571cf0d3940_0, 0, 32;
    %pushi/vec4 0, 0, 32;
    %store/vec4 v0x5571cf0d4260_0, 0, 32;
    %pushi/vec4 0, 0, 32;
    %store/vec4 v0x5571cf0d3a20_0, 0, 32;
    %pushi/vec4 0, 0, 32;
    %store/vec4 v0x5571cf0d3b00_0, 0, 32;
    %pushi/vec4 0, 0, 1;
    %store/vec4 v0x5571cf0d14c0_0, 0, 1;
    %pushi/vec4 0, 0, 32;
    %store/vec4 v0x5571cf0d2900_0, 0, 32;
    %pushi/vec4 0, 0, 2;
    %store/vec4 v0x5571cf0d4340_0, 0, 2;
    %pushi/vec4 0, 0, 1;
    %store/vec4 v0x5571cf0d3040_0, 0, 1;
    %pushi/vec4 0, 0, 1;
    %store/vec4 v0x5571cf0d3be0_0, 0, 1;
    %pushi/vec4 0, 0, 32;
    %store/vec4 v0x5571cf0d3e60_0, 0, 32;
    %pushi/vec4 0, 0, 32;
    %store/vec4 v0x5571cf0d3d80_0, 0, 32;
    %pushi/vec4 0, 0, 1;
    %store/vec4 v0x5571cf0d4000_0, 0, 1;
    %pushi/vec4 0, 0, 1;
    %store/vec4 v0x5571cf0d3f40_0, 0, 1;
    %end;
    .thread T_9;
    .scope S_0x5571cf07ab50;
T_10 ;
    %wait E_0x5571cf057ec0;
    %load/vec4 v0x5571cf0d2840_0;
    %flag_set/vec4 8;
    %jmp/0 T_10.0, 8;
    %load/vec4 v0x5571cf0d1720_0;
    %parti/s 1, 0, 2;
    %jmp/1 T_10.1, 8;
T_10.0 ; End of true expr.
    %load/vec4 v0x5571cf0d2900_0;
    %parti/s 1, 0, 2;
    %jmp/0 T_10.1, 8;
 ; End of false expr.
    %blend;
T_10.1;
    %store/vec4 v0x5571cf0d3880_0, 0, 1;
    %load/vec4 v0x5571cf0d3880_0;
    %load/vec4 v0x5571cf0d3880_0;
    %or;
    %inv;
    %store/vec4 v0x5571cf0d3100_0, 0, 1;
    %load/vec4 v0x5571cf0d3880_0;
    %load/vec4 v0x5571cf0d3880_0;
    %or;
    %inv;
    %store/vec4 v0x5571cf0d31c0_0, 0, 1;
    %load/vec4 v0x5571cf0d3100_0;
    %load/vec4 v0x5571cf0d31c0_0;
    %or;
    %inv;
    %store/vec4 v0x5571cf0d3280_0, 0, 1;
    %load/vec4 v0x5571cf0d3280_0;
    %load/vec4 v0x5571cf0d3880_0;
    %or;
    %inv;
    %store/vec4 v0x5571cf0d3340_0, 0, 1;
    %load/vec4 v0x5571cf0d3280_0;
    %load/vec4 v0x5571cf0d3880_0;
    %or;
    %inv;
    %store/vec4 v0x5571cf0d3400_0, 0, 1;
    %load/vec4 v0x5571cf0d3340_0;
    %load/vec4 v0x5571cf0d3400_0;
    %or;
    %inv;
    %store/vec4 v0x5571cf0d34c0_0, 0, 1;
    %load/vec4 v0x5571cf0d34c0_0;
    %load/vec4 v0x5571cf0d3880_0;
    %or;
    %inv;
    %store/vec4 v0x5571cf0d3580_0, 0, 1;
    %load/vec4 v0x5571cf0d3580_0;
    %load/vec4 v0x5571cf0d34c0_0;
    %or;
    %inv;
    %store/vec4 v0x5571cf0d3640_0, 0, 1;
    %load/vec4 v0x5571cf0d3640_0;
    %pushi/vec4 0, 0, 1;
    %or;
    %inv;
    %store/vec4 v0x5571cf0d3700_0, 0, 1;
    %load/vec4 v0x5571cf0d3700_0;
    %load/vec4 v0x5571cf0d3580_0;
    %or;
    %inv;
    %store/vec4 v0x5571cf0d37c0_0, 0, 1;
    %load/vec4 v0x5571cf0d1e60_0;
    %parti/s 10, 0, 2;
    %dup/vec4;
    %pushi/vec4 1, 0, 10;
    %cmp/u;
    %jmp/1 T_10.2, 6;
    %dup/vec4;
    %pushi/vec4 2, 0, 10;
    %cmp/u;
    %jmp/1 T_10.3, 6;
    %dup/vec4;
    %pushi/vec4 4, 0, 10;
    %cmp/u;
    %jmp/1 T_10.4, 6;
    %dup/vec4;
    %pushi/vec4 8, 0, 10;
    %cmp/u;
    %jmp/1 T_10.5, 6;
    %dup/vec4;
    %pushi/vec4 16, 0, 10;
    %cmp/u;
    %jmp/1 T_10.6, 6;
    %dup/vec4;
    %pushi/vec4 32, 0, 10;
    %cmp/u;
    %jmp/1 T_10.7, 6;
    %dup/vec4;
    %pushi/vec4 64, 0, 10;
    %cmp/u;
    %jmp/1 T_10.8, 6;
    %dup/vec4;
    %pushi/vec4 128, 0, 10;
    %cmp/u;
    %jmp/1 T_10.9, 6;
    %dup/vec4;
    %pushi/vec4 256, 0, 10;
    %cmp/u;
    %jmp/1 T_10.10, 6;
    %dup/vec4;
    %pushi/vec4 512, 0, 10;
    %cmp/u;
    %jmp/1 T_10.11, 6;
    %load/vec4 v0x5571cf0d3880_0;
    %store/vec4 v0x5571cf0d2780_0, 0, 1;
    %jmp T_10.13;
T_10.2 ;
    %load/vec4 v0x5571cf0d3100_0;
    %store/vec4 v0x5571cf0d2780_0, 0, 1;
    %jmp T_10.13;
T_10.3 ;
    %load/vec4 v0x5571cf0d31c0_0;
    %store/vec4 v0x5571cf0d2780_0, 0, 1;
    %jmp T_10.13;
T_10.4 ;
    %load/vec4 v0x5571cf0d3280_0;
    %store/vec4 v0x5571cf0d2780_0, 0, 1;
    %jmp T_10.13;
T_10.5 ;
    %load/vec4 v0x5571cf0d3340_0;
    %store/vec4 v0x5571cf0d2780_0, 0, 1;
    %jmp T_10.13;
T_10.6 ;
    %load/vec4 v0x5571cf0d3400_0;
    %store/vec4 v0x5571cf0d2780_0, 0, 1;
    %jmp T_10.13;
T_10.7 ;
    %load/vec4 v0x5571cf0d34c0_0;
    %store/vec4 v0x5571cf0d2780_0, 0, 1;
    %jmp T_10.13;
T_10.8 ;
    %load/vec4 v0x5571cf0d3580_0;
    %store/vec4 v0x5571cf0d2780_0, 0, 1;
    %jmp T_10.13;
T_10.9 ;
    %load/vec4 v0x5571cf0d3640_0;
    %store/vec4 v0x5571cf0d2780_0, 0, 1;
    %jmp T_10.13;
T_10.10 ;
    %load/vec4 v0x5571cf0d3700_0;
    %store/vec4 v0x5571cf0d2780_0, 0, 1;
    %jmp T_10.13;
T_10.11 ;
    %load/vec4 v0x5571cf0d37c0_0;
    %store/vec4 v0x5571cf0d2780_0, 0, 1;
    %jmp T_10.13;
T_10.13 ;
    %pop/vec4 1;
    %jmp T_10;
    .thread T_10, $push;
    .scope S_0x5571cf07ab50;
T_11 ;
    %wait E_0x5571cf053bb0;
    %load/vec4 v0x5571cf0d4420_0;
    %flag_set/vec4 8;
    %jmp/0xz  T_11.0, 8;
    %pushi/vec4 0, 0, 32;
    %assign/vec4 v0x5571cf0d2420_0, 0;
    %pushi/vec4 0, 0, 32;
    %assign/vec4 v0x5571cf0d3940_0, 0;
    %pushi/vec4 0, 0, 32;
    %assign/vec4 v0x5571cf0d4260_0, 0;
    %pushi/vec4 0, 0, 32;
    %assign/vec4 v0x5571cf0d3a20_0, 0;
    %pushi/vec4 0, 0, 32;
    %assign/vec4 v0x5571cf0d3b00_0, 0;
    %pushi/vec4 0, 0, 1;
    %assign/vec4 v0x5571cf0d14c0_0, 0;
    %pushi/vec4 0, 0, 32;
    %assign/vec4 v0x5571cf0d2900_0, 0;
    %pushi/vec4 0, 0, 2;
    %assign/vec4 v0x5571cf0d4340_0, 0;
    %pushi/vec4 0, 0, 1;
    %assign/vec4 v0x5571cf0d3040_0, 0;
    %pushi/vec4 0, 0, 1;
    %assign/vec4 v0x5571cf0d3be0_0, 0;
    %pushi/vec4 0, 0, 1;
    %assign/vec4 v0x5571cf0d41a0_0, 0;
    %pushi/vec4 0, 0, 32;
    %assign/vec4 v0x5571cf0d3ca0_0, 0;
    %pushi/vec4 0, 0, 32;
    %assign/vec4 v0x5571cf0d40c0_0, 0;
    %pushi/vec4 0, 0, 1;
    %assign/vec4 v0x5571cf0d4000_0, 0;
    %pushi/vec4 0, 0, 32;
    %assign/vec4 v0x5571cf0d3e60_0, 0;
    %pushi/vec4 0, 0, 32;
    %assign/vec4 v0x5571cf0d3d80_0, 0;
    %pushi/vec4 0, 0, 1;
    %assign/vec4 v0x5571cf0d3f40_0, 0;
    %jmp T_11.1;
T_11.0 ;
    %pushi/vec4 0, 0, 1;
    %assign/vec4 v0x5571cf0d41a0_0, 0;
    %load/vec4 v0x5571cf0d3be0_0;
    %inv;
    %assign/vec4 v0x5571cf0d3be0_0, 0;
    %load/vec4 v0x5571cf0d3be0_0;
    %flag_set/vec4 10;
    %flag_get/vec4 10;
    %jmp/0 T_11.5, 10;
    %load/vec4 v0x5571cf0d4000_0;
    %and;
T_11.5;
    %flag_set/vec4 9;
    %flag_get/vec4 9;
    %jmp/0 T_11.4, 9;
    %load/vec4 v0x5571cf0d3f40_0;
    %nor/r;
    %and;
T_11.4;
    %flag_set/vec4 8;
    %jmp/0xz  T_11.2, 8;
    %load/vec4 v0x5571cf0d3d80_0;
    %assign/vec4 v0x5571cf0d3ca0_0, 0;
    %load/vec4 v0x5571cf0d3e60_0;
    %assign/vec4 v0x5571cf0d40c0_0, 0;
    %pushi/vec4 1, 0, 1;
    %assign/vec4 v0x5571cf0d41a0_0, 0;
    %pushi/vec4 0, 0, 1;
    %assign/vec4 v0x5571cf0d4000_0, 0;
T_11.2 ;
    %load/vec4 v0x5571cf0d3be0_0;
    %nor/r;
    %flag_set/vec4 10;
    %flag_get/vec4 10;
    %jmp/0 T_11.9, 10;
    %load/vec4 v0x5571cf0d4000_0;
    %and;
T_11.9;
    %flag_set/vec4 9;
    %flag_get/vec4 9;
    %jmp/0 T_11.8, 9;
    %load/vec4 v0x5571cf0d3f40_0;
    %and;
T_11.8;
    %flag_set/vec4 8;
    %jmp/0xz  T_11.6, 8;
    %load/vec4 v0x5571cf0d3d80_0;
    %assign/vec4 v0x5571cf0d3ca0_0, 0;
    %load/vec4 v0x5571cf0d3e60_0;
    %assign/vec4 v0x5571cf0d40c0_0, 0;
    %pushi/vec4 1, 0, 1;
    %assign/vec4 v0x5571cf0d41a0_0, 0;
    %pushi/vec4 0, 0, 1;
    %assign/vec4 v0x5571cf0d4000_0, 0;
T_11.6 ;
    %load/vec4 v0x5571cf0d26c0_0;
    %flag_set/vec4 8;
    %jmp/0xz  T_11.10, 8;
    %load/vec4 v0x5571cf0d2260_0;
    %dup/vec4;
    %pushi/vec4 2, 0, 4;
    %cmp/u;
    %jmp/1 T_11.12, 6;
    %dup/vec4;
    %pushi/vec4 3, 0, 4;
    %cmp/u;
    %jmp/1 T_11.13, 6;
    %dup/vec4;
    %pushi/vec4 4, 0, 4;
    %cmp/u;
    %jmp/1 T_11.14, 6;
    %dup/vec4;
    %pushi/vec4 5, 0, 4;
    %cmp/u;
    %jmp/1 T_11.15, 6;
    %dup/vec4;
    %pushi/vec4 6, 0, 4;
    %cmp/u;
    %jmp/1 T_11.16, 6;
    %dup/vec4;
    %pushi/vec4 9, 0, 4;
    %cmp/u;
    %jmp/1 T_11.17, 6;
    %jmp T_11.19;
T_11.12 ;
    %load/vec4 v0x5571cf0d1800_0;
    %flag_set/vec4 8;
    %jmp/0xz  T_11.20, 8;
    %load/vec4 v0x5571cf0d1720_0;
    %assign/vec4 v0x5571cf0d3940_0, 0;
T_11.20 ;
    %jmp T_11.19;
T_11.13 ;
    %load/vec4 v0x5571cf0d1800_0;
    %flag_set/vec4 8;
    %jmp/0xz  T_11.22, 8;
    %load/vec4 v0x5571cf0d1720_0;
    %assign/vec4 v0x5571cf0d4260_0, 0;
T_11.22 ;
    %jmp T_11.19;
T_11.14 ;
    %load/vec4 v0x5571cf0d1580_0;
    %flag_set/vec4 8;
    %jmp/0xz  T_11.24, 8;
    %load/vec4 v0x5571cf0d1980_0;
    %cmpi/e 0, 0, 11;
    %jmp/0xz  T_11.26, 4;
    %load/vec4 v0x5571cf0d1800_0;
    %flag_set/vec4 9;
    %flag_get/vec4 9;
    %jmp/0 T_11.30, 9;
    %load/vec4 v0x5571cf0d4340_0;
    %pushi/vec4 0, 0, 2;
    %cmp/e;
    %flag_get/vec4 4;
    %and;
T_11.30;
    %flag_set/vec4 8;
    %jmp/0xz  T_11.28, 8;
    %load/vec4 v0x5571cf0d1720_0;
    %parti/s 11, 0, 2;
    %ix/load 4, 11, 0;
    %ix/load 5, 0, 0;
    %flag_set/imm 4, 0;
    %assign/vec4/off/d v0x5571cf0d2420_0, 4, 5;
    %pushi/vec4 2, 0, 2;
    %assign/vec4 v0x5571cf0d4340_0, 0;
    %pushi/vec4 0, 0, 1;
    %ix/load 4, 22, 0;
    %ix/load 5, 0, 0;
    %flag_set/imm 4, 0;
    %assign/vec4/off/d v0x5571cf0d2420_0, 4, 5;
T_11.28 ;
    %jmp T_11.27;
T_11.26 ;
    %load/vec4 v0x5571cf0d1800_0;
    %flag_set/vec4 9;
    %flag_get/vec4 9;
    %jmp/0 T_11.33, 9;
    %load/vec4 v0x5571cf0d4340_0;
    %pushi/vec4 0, 0, 2;
    %cmp/e;
    %flag_get/vec4 4;
    %and;
T_11.33;
    %flag_set/vec4 8;
    %jmp/0xz  T_11.31, 8;
    %load/vec4 v0x5571cf0d1720_0;
    %parti/s 11, 0, 2;
    %ix/load 4, 0, 0;
    %ix/load 5, 0, 0;
    %flag_set/imm 4, 0;
    %assign/vec4/off/d v0x5571cf0d2420_0, 4, 5;
    %pushi/vec4 1, 0, 1;
    %ix/load 4, 22, 0;
    %ix/load 5, 0, 0;
    %flag_set/imm 4, 0;
    %assign/vec4/off/d v0x5571cf0d2420_0, 4, 5;
    %load/vec4 v0x5571cf0d1720_0;
    %parti/s 2, 23, 6;
    %ix/load 4, 23, 0;
    %ix/load 5, 0, 0;
    %flag_set/imm 4, 0;
    %assign/vec4/off/d v0x5571cf0d2420_0, 4, 5;
    %load/vec4 v0x5571cf0d1720_0;
    %parti/s 2, 25, 6;
    %ix/load 4, 25, 0;
    %ix/load 5, 0, 0;
    %flag_set/imm 4, 0;
    %assign/vec4/off/d v0x5571cf0d2420_0, 4, 5;
    %load/vec4 v0x5571cf0d1720_0;
    %parti/s 1, 27, 6;
    %ix/load 4, 27, 0;
    %ix/load 5, 0, 0;
    %flag_set/imm 4, 0;
    %assign/vec4/off/d v0x5571cf0d2420_0, 4, 5;
    %load/vec4 v0x5571cf0d1720_0;
    %parti/s 1, 28, 6;
    %ix/load 4, 28, 0;
    %ix/load 5, 0, 0;
    %flag_set/imm 4, 0;
    %assign/vec4/off/d v0x5571cf0d2420_0, 4, 5;
    %load/vec4 v0x5571cf0d1720_0;
    %parti/s 1, 29, 6;
    %ix/load 4, 29, 0;
    %ix/load 5, 0, 0;
    %flag_set/imm 4, 0;
    %assign/vec4/off/d v0x5571cf0d2420_0, 4, 5;
    %pushi/vec4 0, 0, 32;
    %assign/vec4 v0x5571cf0d2900_0, 0;
    %pushi/vec4 0, 0, 1;
    %assign/vec4 v0x5571cf0d14c0_0, 0;
    %pushi/vec4 0, 0, 32;
    %assign/vec4 v0x5571cf0d3a20_0, 0;
    %pushi/vec4 0, 0, 32;
    %assign/vec4 v0x5571cf0d3b00_0, 0;
    %jmp T_11.32;
T_11.31 ;
    %load/vec4 v0x5571cf0d1800_0;
    %nor/r;
    %flag_set/vec4 9;
    %flag_get/vec4 9;
    %jmp/0 T_11.36, 9;
    %load/vec4 v0x5571cf0d4340_0;
    %pushi/vec4 0, 0, 2;
    %cmp/e;
    %flag_get/vec4 4;
    %and;
T_11.36;
    %flag_set/vec4 8;
    %jmp/0xz  T_11.34, 8;
    %pushi/vec4 2, 0, 2;
    %assign/vec4 v0x5571cf0d4340_0, 0;
    %pushi/vec4 0, 0, 1;
    %ix/load 4, 22, 0;
    %ix/load 5, 0, 0;
    %flag_set/imm 4, 0;
    %assign/vec4/off/d v0x5571cf0d2420_0, 4, 5;
T_11.34 ;
T_11.32 ;
T_11.27 ;
T_11.24 ;
    %jmp T_11.19;
T_11.15 ;
    %load/vec4 v0x5571cf0d1580_0;
    %flag_set/vec4 8;
    %jmp/0xz  T_11.37, 8;
    %pushi/vec4 1, 0, 1;
    %assign/vec4 v0x5571cf0d3040_0, 0;
T_11.37 ;
    %jmp T_11.19;
T_11.16 ;
    %load/vec4 v0x5571cf0d1580_0;
    %flag_set/vec4 8;
    %jmp/0xz  T_11.39, 8;
    %pushi/vec4 0, 0, 1;
    %assign/vec4 v0x5571cf0d3040_0, 0;
T_11.39 ;
    %jmp T_11.19;
T_11.17 ;
    %load/vec4 v0x5571cf0d2f80_0;
    %nor/r;
    %flag_set/vec4 9;
    %flag_get/vec4 9;
    %jmp/0 T_11.43, 9;
    %load/vec4 v0x5571cf0d3040_0;
    %nor/r;
    %and;
T_11.43;
    %flag_set/vec4 8;
    %jmp/0xz  T_11.41, 8;
    %load/vec4 v0x5571cf0d4260_0;
    %assign/vec4 v0x5571cf0d3ca0_0, 0;
    %pushi/vec4 42, 0, 32;
    %assign/vec4 v0x5571cf0d40c0_0, 0;
    %pushi/vec4 1, 0, 1;
    %assign/vec4 v0x5571cf0d41a0_0, 0;
T_11.41 ;
    %jmp T_11.19;
T_11.19 ;
    %pop/vec4 1;
T_11.10 ;
    %load/vec4 v0x5571cf0d4340_0;
    %cmpi/e 2, 0, 2;
    %flag_get/vec4 4;
    %jmp/0 T_11.46, 4;
    %load/vec4 v0x5571cf0d1800_0;
    %and;
T_11.46;
    %flag_set/vec4 8;
    %jmp/0xz  T_11.44, 8;
    %load/vec4 v0x5571cf0d1720_0;
    %parti/s 11, 0, 2;
    %ix/load 4, 0, 0;
    %ix/load 5, 0, 0;
    %flag_set/imm 4, 0;
    %assign/vec4/off/d v0x5571cf0d2420_0, 4, 5;
    %pushi/vec4 1, 0, 1;
    %ix/load 4, 22, 0;
    %ix/load 5, 0, 0;
    %flag_set/imm 4, 0;
    %assign/vec4/off/d v0x5571cf0d2420_0, 4, 5;
    %load/vec4 v0x5571cf0d1720_0;
    %parti/s 2, 23, 6;
    %ix/load 4, 23, 0;
    %ix/load 5, 0, 0;
    %flag_set/imm 4, 0;
    %assign/vec4/off/d v0x5571cf0d2420_0, 4, 5;
    %load/vec4 v0x5571cf0d1720_0;
    %parti/s 2, 25, 6;
    %ix/load 4, 25, 0;
    %ix/load 5, 0, 0;
    %flag_set/imm 4, 0;
    %assign/vec4/off/d v0x5571cf0d2420_0, 4, 5;
    %load/vec4 v0x5571cf0d1720_0;
    %parti/s 1, 27, 6;
    %ix/load 4, 27, 0;
    %ix/load 5, 0, 0;
    %flag_set/imm 4, 0;
    %assign/vec4/off/d v0x5571cf0d2420_0, 4, 5;
    %load/vec4 v0x5571cf0d1720_0;
    %parti/s 1, 28, 6;
    %ix/load 4, 28, 0;
    %ix/load 5, 0, 0;
    %flag_set/imm 4, 0;
    %assign/vec4/off/d v0x5571cf0d2420_0, 4, 5;
    %load/vec4 v0x5571cf0d1720_0;
    %parti/s 1, 29, 6;
    %ix/load 4, 29, 0;
    %ix/load 5, 0, 0;
    %flag_set/imm 4, 0;
    %assign/vec4/off/d v0x5571cf0d2420_0, 4, 5;
    %pushi/vec4 0, 0, 32;
    %assign/vec4 v0x5571cf0d2900_0, 0;
    %pushi/vec4 0, 0, 1;
    %assign/vec4 v0x5571cf0d14c0_0, 0;
    %pushi/vec4 0, 0, 32;
    %assign/vec4 v0x5571cf0d3a20_0, 0;
    %pushi/vec4 0, 0, 32;
    %assign/vec4 v0x5571cf0d3b00_0, 0;
    %pushi/vec4 0, 0, 2;
    %assign/vec4 v0x5571cf0d4340_0, 0;
T_11.44 ;
    %load/vec4 v0x5571cf0d2f80_0;
    %nor/r;
    %flag_set/vec4 11;
    %flag_get/vec4 11;
    %jmp/0 T_11.51, 11;
    %load/vec4 v0x5571cf0d3040_0;
    %nor/r;
    %and;
T_11.51;
    %flag_set/vec4 10;
    %flag_get/vec4 10;
    %jmp/0 T_11.50, 10;
    %load/vec4 v0x5571cf0d1da0_0;
    %and;
T_11.50;
    %flag_set/vec4 9;
    %flag_get/vec4 9;
    %jmp/0 T_11.49, 9;
    %load/vec4 v0x5571cf0d4340_0;
    %pushi/vec4 0, 0, 2;
    %cmp/e;
    %flag_get/vec4 4;
    %and;
T_11.49;
    %flag_set/vec4 8;
    %jmp/0xz  T_11.47, 8;
    %load/vec4 v0x5571cf0d2840_0;
    %flag_set/vec4 8;
    %jmp/0xz  T_11.52, 8;
    %load/vec4 v0x5571cf0d1b20_0;
    %dup/vec4;
    %pushi/vec4 0, 0, 2;
    %cmp/u;
    %jmp/1 T_11.54, 6;
    %dup/vec4;
    %pushi/vec4 1, 0, 2;
    %cmp/u;
    %jmp/1 T_11.55, 6;
    %dup/vec4;
    %pushi/vec4 2, 0, 2;
    %cmp/u;
    %jmp/1 T_11.56, 6;
    %dup/vec4;
    %pushi/vec4 3, 0, 2;
    %cmp/u;
    %jmp/1 T_11.57, 6;
    %jmp T_11.58;
T_11.54 ;
    %load/vec4 v0x5571cf0d1720_0;
    %assign/vec4 v0x5571cf0d2900_0, 0;
    %load/vec4 v0x5571cf0d4260_0;
    %assign/vec4 v0x5571cf0d3d80_0, 0;
    %pushi/vec4 0, 0, 31;
    %load/vec4 v0x5571cf0d2780_0;
    %concat/vec4; draw_concat_vec4
    %assign/vec4 v0x5571cf0d3e60_0, 0;
    %pushi/vec4 1, 0, 1;
    %assign/vec4 v0x5571cf0d4000_0, 0;
    %pushi/vec4 0, 0, 1;
    %assign/vec4 v0x5571cf0d3f40_0, 0;
    %jmp T_11.58;
T_11.55 ;
    %pushi/vec4 0, 0, 31;
    %load/vec4 v0x5571cf0d2780_0;
    %concat/vec4; draw_concat_vec4
    %assign/vec4 v0x5571cf0d2900_0, 0;
    %load/vec4 v0x5571cf0d4260_0;
    %assign/vec4 v0x5571cf0d3d80_0, 0;
    %pushi/vec4 0, 0, 31;
    %load/vec4 v0x5571cf0d2780_0;
    %concat/vec4; draw_concat_vec4
    %assign/vec4 v0x5571cf0d3e60_0, 0;
    %pushi/vec4 1, 0, 1;
    %assign/vec4 v0x5571cf0d4000_0, 0;
    %pushi/vec4 0, 0, 1;
    %assign/vec4 v0x5571cf0d3f40_0, 0;
    %jmp T_11.58;
T_11.56 ;
    %load/vec4 v0x5571cf0d1720_0;
    %assign/vec4 v0x5571cf0d2900_0, 0;
    %load/vec4 v0x5571cf0d4260_0;
    %assign/vec4 v0x5571cf0d3d80_0, 0;
    %pushi/vec4 0, 0, 31;
    %load/vec4 v0x5571cf0d2780_0;
    %concat/vec4; draw_concat_vec4
    %assign/vec4 v0x5571cf0d3e60_0, 0;
    %pushi/vec4 1, 0, 1;
    %assign/vec4 v0x5571cf0d4000_0, 0;
    %pushi/vec4 1, 0, 1;
    %assign/vec4 v0x5571cf0d3f40_0, 0;
    %jmp T_11.58;
T_11.57 ;
    %load/vec4 v0x5571cf0d1720_0;
    %assign/vec4 v0x5571cf0d2900_0, 0;
    %load/vec4 v0x5571cf0d4260_0;
    %assign/vec4 v0x5571cf0d3d80_0, 0;
    %pushi/vec4 0, 0, 31;
    %load/vec4 v0x5571cf0d2780_0;
    %concat/vec4; draw_concat_vec4
    %assign/vec4 v0x5571cf0d3e60_0, 0;
    %pushi/vec4 1, 0, 1;
    %assign/vec4 v0x5571cf0d4000_0, 0;
    %pushi/vec4 0, 0, 1;
    %assign/vec4 v0x5571cf0d3f40_0, 0;
    %jmp T_11.58;
T_11.58 ;
    %pop/vec4 1;
    %load/vec4 v0x5571cf0d44e0_0;
    %flag_set/vec4 8;
    %jmp/0xz  T_11.59, 8;
    %load/vec4 v0x5571cf0d14c0_0;
    %nor/r;
    %flag_set/vec4 8;
    %jmp/0xz  T_11.61, 8;
    %load/vec4 v0x5571cf0d1720_0;
    %assign/vec4 v0x5571cf0d3a20_0, 0;
    %pushi/vec4 1, 0, 1;
    %assign/vec4 v0x5571cf0d14c0_0, 0;
    %pushi/vec4 0, 0, 1;
    %assign/vec4 v0x5571cf0d4000_0, 0;
    %jmp T_11.62;
T_11.61 ;
    %load/vec4 v0x5571cf0d1720_0;
    %assign/vec4 v0x5571cf0d3b00_0, 0;
    %pushi/vec4 0, 0, 1;
    %assign/vec4 v0x5571cf0d14c0_0, 0;
    %pushi/vec4 1, 0, 1;
    %assign/vec4 v0x5571cf0d4000_0, 0;
    %pushi/vec4 0, 0, 32;
    %assign/vec4 v0x5571cf0d3a20_0, 0;
T_11.62 ;
T_11.59 ;
    %jmp T_11.53;
T_11.52 ;
    %load/vec4 v0x5571cf0d1b20_0;
    %cmpi/e 1, 0, 2;
    %flag_get/vec4 4;
    %jmp/0 T_11.67, 4;
    %load/vec4 v0x5571cf0d1da0_0;
    %and;
T_11.67;
    %flag_set/vec4 10;
    %flag_get/vec4 10;
    %jmp/0 T_11.66, 10;
    %load/vec4 v0x5571cf0d4000_0;
    %nor/r;
    %and;
T_11.66;
    %flag_set/vec4 9;
    %flag_get/vec4 9;
    %jmp/0 T_11.65, 9;
    %load/vec4 v0x5571cf0d2900_0;
    %pushi/vec4 0, 0, 32;
    %cmp/ne;
    %flag_get/vec4 4;
    %and;
T_11.65;
    %flag_set/vec4 8;
    %jmp/0xz  T_11.63, 8;
    %load/vec4 v0x5571cf0d4260_0;
    %assign/vec4 v0x5571cf0d3d80_0, 0;
    %load/vec4 v0x5571cf0d2900_0;
    %assign/vec4 v0x5571cf0d3e60_0, 0;
    %pushi/vec4 1, 0, 1;
    %assign/vec4 v0x5571cf0d4000_0, 0;
    %pushi/vec4 0, 0, 1;
    %assign/vec4 v0x5571cf0d3f40_0, 0;
T_11.63 ;
T_11.53 ;
T_11.47 ;
T_11.1 ;
    %jmp T_11;
    .thread T_11;
    .scope S_0x5571cf0930d0;
T_12 ;
    %pushi/vec4 0, 0, 1;
    %store/vec4 v0x5571cf0d6560_0, 0, 1;
    %pushi/vec4 0, 0, 1;
    %store/vec4 v0x5571cf0d72c0_0, 0, 1;
    %pushi/vec4 0, 0, 1;
    %store/vec4 v0x5571cf0d6ee0_0, 0, 1;
    %pushi/vec4 0, 0, 32;
    %store/vec4 v0x5571cf0d6630_0, 0, 32;
    %pushi/vec4 0, 0, 1;
    %store/vec4 v0x5571cf0d6720_0, 0, 1;
    %pushi/vec4 0, 0, 32;
    %store/vec4 v0x5571cf0d6280_0, 0, 32;
    %pushi/vec4 0, 0, 32;
    %store/vec4 v0x5571cf0d6390_0, 0, 32;
    %pushi/vec4 0, 0, 1;
    %store/vec4 v0x5571cf0d6460_0, 0, 1;
    %pushi/vec4 0, 0, 32;
    %store/vec4 v0x5571cf0d7220_0, 0, 32;
    %pushi/vec4 0, 0, 32;
    %store/vec4 v0x5571cf0d6da0_0, 0, 32;
    %pushi/vec4 0, 0, 1;
    %store/vec4 v0x5571cf0d6e40_0, 0, 1;
    %end;
    .thread T_12;
    .scope S_0x5571cf0930d0;
T_13 ;
    %delay 5000, 0;
    %load/vec4 v0x5571cf0d6560_0;
    %inv;
    %store/vec4 v0x5571cf0d6560_0, 0, 1;
    %jmp T_13;
    .thread T_13;
    .scope S_0x5571cf0930d0;
T_14 ;
    %wait E_0x5571cf053bb0;
    %load/vec4 v0x5571cf0d7150_0;
    %flag_set/vec4 8;
    %jmp/0xz  T_14.0, 8;
    %pushi/vec4 1, 0, 1;
    %assign/vec4 v0x5571cf0d6e40_0, 0;
T_14.0 ;
    %jmp T_14;
    .thread T_14;
    .scope S_0x5571cf0930d0;
T_15 ;
    %vpi_call 2 163 "$dumpfile", "tb_unicell_v3.vcd" {0 0 0};
    %vpi_call 2 164 "$dumpvars", 32'sb00000000000000000000000000000000, S_0x5571cf0930d0 {0 0 0};
    %vpi_call 2 165 "$display", "\012=== tb_unicell_v3 ===" {0 0 0};
    %vpi_call 2 168 "$display", "\012[1] Reset" {0 0 0};
    %fork TD_tb_unicell_v3.idle_bus, S_0x5571cf0d4880;
    %join;
    %pushi/vec4 1, 0, 1;
    %store/vec4 v0x5571cf0d72c0_0, 0, 1;
    %pushi/vec4 4, 0, 32;
T_15.0 %dup/vec4;
    %pushi/vec4 0, 0, 32;
    %cmp/s;
    %jmp/1xz T_15.1, 5;
    %jmp/1 T_15.1, 4;
    %pushi/vec4 1, 0, 32;
    %sub;
    %wait E_0x5571cf053bb0;
    %jmp T_15.0;
T_15.1 ;
    %pop/vec4 1;
    %delay 1000, 0;
    %pushi/vec4 0, 0, 1;
    %store/vec4 v0x5571cf0d72c0_0, 0, 1;
    %wait E_0x5571cf053bb0;
    %delay 1000, 0;
    %pushi/vec4 0, 0, 32; draw_string_vec4
    %pushi/vec4 0, 0, 32; draw_string_vec4
    %concat/vec4; draw_string_vec4
    %pushi/vec4 0, 0, 32; draw_string_vec4
    %concat/vec4; draw_string_vec4
    %pushi/vec4 0, 0, 32; draw_string_vec4
    %concat/vec4; draw_string_vec4
    %pushi/vec4 0, 0, 32; draw_string_vec4
    %concat/vec4; draw_string_vec4
    %pushi/vec4 6516068, 0, 32; draw_string_vec4
    %concat/vec4; draw_string_vec4
    %pushi/vec4 1600938356, 0, 32; draw_string_vec4
    %concat/vec4; draw_string_vec4
    %pushi/vec4 1667775792, 0, 32; draw_string_vec4
    %concat/vec4; draw_string_vec4
    %store/vec4 v0x5571cf070880_0, 0, 256;
    %load/vec4 v0x5571cf0d68c0_0;
    %store/vec4 v0x5571cf071450_0, 0, 32;
    %pushi/vec4 0, 0, 32;
    %store/vec4 v0x5571cf070cf0_0, 0, 32;
    %fork TD_tb_unicell_v3.chk32, S_0x5571cf07b250;
    %join;
    %pushi/vec4 0, 0, 32; draw_string_vec4
    %pushi/vec4 0, 0, 32; draw_string_vec4
    %concat/vec4; draw_string_vec4
    %pushi/vec4 0, 0, 32; draw_string_vec4
    %concat/vec4; draw_string_vec4
    %pushi/vec4 0, 0, 32; draw_string_vec4
    %concat/vec4; draw_string_vec4
    %pushi/vec4 0, 0, 32; draw_string_vec4
    %concat/vec4; draw_string_vec4
    %pushi/vec4 105, 0, 32; draw_string_vec4
    %concat/vec4; draw_string_vec4
    %pushi/vec4 1851744612, 0, 32; draw_string_vec4
    %concat/vec4; draw_string_vec4
    %pushi/vec4 1685208368, 0, 32; draw_string_vec4
    %concat/vec4; draw_string_vec4
    %store/vec4 v0x5571cf070880_0, 0, 256;
    %load/vec4 v0x5571cf0d6a60_0;
    %store/vec4 v0x5571cf071450_0, 0, 32;
    %pushi/vec4 0, 0, 32;
    %store/vec4 v0x5571cf070cf0_0, 0, 32;
    %fork TD_tb_unicell_v3.chk32, S_0x5571cf07b250;
    %join;
    %pushi/vec4 0, 0, 32; draw_string_vec4
    %pushi/vec4 0, 0, 32; draw_string_vec4
    %concat/vec4; draw_string_vec4
    %pushi/vec4 0, 0, 32; draw_string_vec4
    %concat/vec4; draw_string_vec4
    %pushi/vec4 0, 0, 32; draw_string_vec4
    %concat/vec4; draw_string_vec4
    %pushi/vec4 0, 0, 32; draw_string_vec4
    %concat/vec4; draw_string_vec4
    %pushi/vec4 28533, 0, 32; draw_string_vec4
    %concat/vec4; draw_string_vec4
    %pushi/vec4 1952407908, 0, 32; draw_string_vec4
    %concat/vec4; draw_string_vec4
    %pushi/vec4 1685208368, 0, 32; draw_string_vec4
    %concat/vec4; draw_string_vec4
    %store/vec4 v0x5571cf070880_0, 0, 256;
    %load/vec4 v0x5571cf0d6b30_0;
    %store/vec4 v0x5571cf071450_0, 0, 32;
    %pushi/vec4 0, 0, 32;
    %store/vec4 v0x5571cf070cf0_0, 0, 32;
    %fork TD_tb_unicell_v3.chk32, S_0x5571cf07b250;
    %join;
    %pushi/vec4 0, 0, 32; draw_string_vec4
    %pushi/vec4 0, 0, 32; draw_string_vec4
    %concat/vec4; draw_string_vec4
    %pushi/vec4 0, 0, 32; draw_string_vec4
    %concat/vec4; draw_string_vec4
    %pushi/vec4 0, 0, 32; draw_string_vec4
    %concat/vec4; draw_string_vec4
    %pushi/vec4 0, 0, 32; draw_string_vec4
    %concat/vec4; draw_string_vec4
    %pushi/vec4 7304564, 0, 32; draw_string_vec4
    %concat/vec4; draw_string_vec4
    %pushi/vec4 1601593708, 0, 32; draw_string_vec4
    %concat/vec4; draw_string_vec4
    %pushi/vec4 1768176944, 0, 32; draw_string_vec4
    %concat/vec4; draw_string_vec4
    %store/vec4 v0x5571cf072310_0, 0, 256;
    %load/vec4 v0x5571cf0d7150_0;
    %store/vec4 v0x5571cf071ec0_0, 0, 1;
    %pushi/vec4 0, 0, 1;
    %store/vec4 v0x5571cf071960_0, 0, 1;
    %fork TD_tb_unicell_v3.chk, S_0x5571cf07a3d0;
    %join;
    %pushi/vec4 0, 0, 32; draw_string_vec4
    %pushi/vec4 0, 0, 32; draw_string_vec4
    %concat/vec4; draw_string_vec4
    %pushi/vec4 0, 0, 32; draw_string_vec4
    %concat/vec4; draw_string_vec4
    %pushi/vec4 0, 0, 32; draw_string_vec4
    %concat/vec4; draw_string_vec4
    %pushi/vec4 0, 0, 32; draw_string_vec4
    %concat/vec4; draw_string_vec4
    %pushi/vec4 28271, 0, 32; draw_string_vec4
    %concat/vec4; draw_string_vec4
    %pushi/vec4 1948280434, 0, 32; draw_string_vec4
    %concat/vec4; draw_string_vec4
    %pushi/vec4 1870292334, 0, 32; draw_string_vec4
    %concat/vec4; draw_string_vec4
    %store/vec4 v0x5571cf072310_0, 0, 256;
    %load/vec4 v0x5571cf0d6990_0;
    %store/vec4 v0x5571cf071ec0_0, 0, 1;
    %pushi/vec4 0, 0, 1;
    %store/vec4 v0x5571cf071960_0, 0, 1;
    %fork TD_tb_unicell_v3.chk, S_0x5571cf07a3d0;
    %join;
    %vpi_call 2 180 "$display", "\012[2] CMD_SET_INPUT_ADDR / CMD_SET_OUTPUT_ADDR" {0 0 0};
    %pushi/vec4 2, 0, 4;
    %pushi/vec4 0, 0, 11;
    %store/vec4 v0x5571cf0d5630_0, 0, 11;
    %store/vec4 v0x5571cf0d5450_0, 0, 4;
    %callf/vec4 TD_tb_unicell_v3.mk_cmd, S_0x5571cf0d5270;
    %store/vec4 v0x5571cf0d5bb0_0, 0, 32;
    %pushi/vec4 0, 0, 32;
    %store/vec4 v0x5571cf0d5cb0_0, 0, 32;
    %pushi/vec4 4096, 0, 32;
    %store/vec4 v0x5571cf0d5d90_0, 0, 32;
    %pushi/vec4 1, 0, 1;
    %store/vec4 v0x5571cf0d5e50_0, 0, 1;
    %fork TD_tb_unicell_v3.send, S_0x5571cf0d59d0;
    %join;
    %wait E_0x5571cf053bb0;
    %delay 1000, 0;
    %pushi/vec4 0, 0, 32; draw_string_vec4
    %pushi/vec4 0, 0, 32; draw_string_vec4
    %concat/vec4; draw_string_vec4
    %pushi/vec4 0, 0, 32; draw_string_vec4
    %concat/vec4; draw_string_vec4
    %pushi/vec4 0, 0, 32; draw_string_vec4
    %concat/vec4; draw_string_vec4
    %pushi/vec4 0, 0, 32; draw_string_vec4
    %concat/vec4; draw_string_vec4
    %pushi/vec4 6909535, 0, 32; draw_string_vec4
    %concat/vec4; draw_string_vec4
    %pushi/vec4 1633969266, 0, 32; draw_string_vec4
    %concat/vec4; draw_string_vec4
    %pushi/vec4 544433524, 0, 32; draw_string_vec4
    %concat/vec4; draw_string_vec4
    %store/vec4 v0x5571cf070880_0, 0, 256;
    %load/vec4 v0x5571cf0d6a60_0;
    %store/vec4 v0x5571cf071450_0, 0, 32;
    %pushi/vec4 4096, 0, 32;
    %store/vec4 v0x5571cf070cf0_0, 0, 32;
    %fork TD_tb_unicell_v3.chk32, S_0x5571cf07b250;
    %join;
    %pushi/vec4 3, 0, 4;
    %pushi/vec4 0, 0, 11;
    %store/vec4 v0x5571cf0d5630_0, 0, 11;
    %store/vec4 v0x5571cf0d5450_0, 0, 4;
    %callf/vec4 TD_tb_unicell_v3.mk_cmd, S_0x5571cf0d5270;
    %store/vec4 v0x5571cf0d5bb0_0, 0, 32;
    %pushi/vec4 0, 0, 32;
    %store/vec4 v0x5571cf0d5cb0_0, 0, 32;
    %pushi/vec4 8192, 0, 32;
    %store/vec4 v0x5571cf0d5d90_0, 0, 32;
    %pushi/vec4 1, 0, 1;
    %store/vec4 v0x5571cf0d5e50_0, 0, 1;
    %fork TD_tb_unicell_v3.send, S_0x5571cf0d59d0;
    %join;
    %wait E_0x5571cf053bb0;
    %delay 1000, 0;
    %pushi/vec4 0, 0, 32; draw_string_vec4
    %pushi/vec4 0, 0, 32; draw_string_vec4
    %concat/vec4; draw_string_vec4
    %pushi/vec4 0, 0, 32; draw_string_vec4
    %concat/vec4; draw_string_vec4
    %pushi/vec4 0, 0, 32; draw_string_vec4
    %concat/vec4; draw_string_vec4
    %pushi/vec4 0, 0, 32; draw_string_vec4
    %concat/vec4; draw_string_vec4
    %pushi/vec4 1869968479, 0, 32; draw_string_vec4
    %concat/vec4; draw_string_vec4
    %pushi/vec4 1633969266, 0, 32; draw_string_vec4
    %concat/vec4; draw_string_vec4
    %pushi/vec4 544433524, 0, 32; draw_string_vec4
    %concat/vec4; draw_string_vec4
    %store/vec4 v0x5571cf070880_0, 0, 256;
    %load/vec4 v0x5571cf0d6b30_0;
    %store/vec4 v0x5571cf071450_0, 0, 32;
    %pushi/vec4 8192, 0, 32;
    %store/vec4 v0x5571cf070cf0_0, 0, 32;
    %fork TD_tb_unicell_v3.chk32, S_0x5571cf07b250;
    %join;
    %vpi_call 2 187 "$display", "\012[3] CMD_RECONFIGURE bootstrap" {0 0 0};
    %pushi/vec4 4, 0, 4;
    %pushi/vec4 0, 0, 11;
    %store/vec4 v0x5571cf0d5630_0, 0, 11;
    %store/vec4 v0x5571cf0d5450_0, 0, 4;
    %callf/vec4 TD_tb_unicell_v3.mk_cmd, S_0x5571cf0d5270;
    %store/vec4 v0x5571cf0d5bb0_0, 0, 32;
    %pushi/vec4 0, 0, 32;
    %store/vec4 v0x5571cf0d5cb0_0, 0, 32;
    %pushi/vec4 677, 0, 32;
    %store/vec4 v0x5571cf0d5d90_0, 0, 32;
    %pushi/vec4 1, 0, 1;
    %store/vec4 v0x5571cf0d5e50_0, 0, 1;
    %fork TD_tb_unicell_v3.send, S_0x5571cf0d59d0;
    %join;
    %wait E_0x5571cf053bb0;
    %delay 1000, 0;
    %wait E_0x5571cf055cf0;
    %pushi/vec4 1, 0, 10;
    %pushi/vec4 0, 0, 1;
    %pushi/vec4 0, 0, 2;
    %pushi/vec4 0, 0, 2;
    %pushi/vec4 0, 0, 1;
    %pushi/vec4 0, 0, 1;
    %pushi/vec4 0, 0, 1;
    %store/vec4 v0x5571cefe1d20_0, 0, 1;
    %store/vec4 v0x5571cf0d51b0_0, 0, 1;
    %store/vec4 v0x5571cf0d4f00_0, 0, 1;
    %store/vec4 v0x5571cf0d4c80_0, 0, 2;
    %store/vec4 v0x5571cf0d4d60_0, 0, 2;
    %store/vec4 v0x5571cf0d5010_0, 0, 1;
    %store/vec4 v0x5571cf0d50d0_0, 0, 10;
    %callf/vec4 TD_tb_unicell_v3.mk_cfg, S_0x5571cf0d4a60;
    %assign/vec4 v0x5571cf0d6390_0, 0;
    %pushi/vec4 1, 0, 1;
    %assign/vec4 v0x5571cf0d6460_0, 0;
    %wait E_0x5571cf053bb0;
    %delay 1000, 0;
    %pushi/vec4 0, 0, 1;
    %assign/vec4 v0x5571cf0d6460_0, 0;
    %wait E_0x5571cf053bb0;
    %delay 1000, 0;
    %pushi/vec4 0, 0, 32; draw_string_vec4
    %pushi/vec4 0, 0, 32; draw_string_vec4
    %concat/vec4; draw_string_vec4
    %pushi/vec4 0, 0, 32; draw_string_vec4
    %concat/vec4; draw_string_vec4
    %pushi/vec4 0, 0, 32; draw_string_vec4
    %concat/vec4; draw_string_vec4
    %pushi/vec4 29556, 0, 32; draw_string_vec4
    %concat/vec4; draw_string_vec4
    %pushi/vec4 1634890847, 0, 32; draw_string_vec4
    %concat/vec4; draw_string_vec4
    %pushi/vec4 1718378855, 0, 32; draw_string_vec4
    %concat/vec4; draw_string_vec4
    %pushi/vec4 544433524, 0, 32; draw_string_vec4
    %concat/vec4; draw_string_vec4
    %store/vec4 v0x5571cf072310_0, 0, 256;
    %load/vec4 v0x5571cf0d68c0_0;
    %parti/s 1, 22, 6;
    %store/vec4 v0x5571cf071ec0_0, 0, 1;
    %pushi/vec4 1, 0, 1;
    %store/vec4 v0x5571cf071960_0, 0, 1;
    %fork TD_tb_unicell_v3.chk, S_0x5571cf07a3d0;
    %join;
    %pushi/vec4 0, 0, 32; draw_string_vec4
    %pushi/vec4 0, 0, 32; draw_string_vec4
    %concat/vec4; draw_string_vec4
    %pushi/vec4 0, 0, 32; draw_string_vec4
    %concat/vec4; draw_string_vec4
    %pushi/vec4 0, 0, 32; draw_string_vec4
    %concat/vec4; draw_string_vec4
    %pushi/vec4 0, 0, 32; draw_string_vec4
    %concat/vec4; draw_string_vec4
    %pushi/vec4 29807, 0, 32; draw_string_vec4
    %concat/vec4; draw_string_vec4
    %pushi/vec4 1886350447, 0, 32; draw_string_vec4
    %concat/vec4; draw_string_vec4
    %pushi/vec4 1735998769, 0, 32; draw_string_vec4
    %concat/vec4; draw_string_vec4
    %store/vec4 v0x5571cf070880_0, 0, 256;
    %load/vec4 v0x5571cf0d68c0_0;
    %pushi/vec4 2047, 0, 32;
    %and;
    %store/vec4 v0x5571cf071450_0, 0, 32;
    %pushi/vec4 1, 0, 32;
    %store/vec4 v0x5571cf070cf0_0, 0, 32;
    %fork TD_tb_unicell_v3.chk32, S_0x5571cf07b250;
    %join;
    %pushi/vec4 0, 0, 32; draw_string_vec4
    %pushi/vec4 0, 0, 32; draw_string_vec4
    %concat/vec4; draw_string_vec4
    %pushi/vec4 0, 0, 32; draw_string_vec4
    %concat/vec4; draw_string_vec4
    %pushi/vec4 0, 0, 32; draw_string_vec4
    %concat/vec4; draw_string_vec4
    %pushi/vec4 1635087464, 0, 32; draw_string_vec4
    %concat/vec4; draw_string_vec4
    %pushi/vec4 1601003891, 0, 32; draw_string_vec4
    %concat/vec4; draw_string_vec4
    %pushi/vec4 1797290597, 0, 32; draw_string_vec4
    %concat/vec4; draw_string_vec4
    %pushi/vec4 1919903076, 0, 32; draw_string_vec4
    %concat/vec4; draw_string_vec4
    %store/vec4 v0x5571cf070880_0, 0, 256;
    %load/vec4 v0x5571cf0d68c0_0;
    %pushi/vec4 4192256, 0, 32;
    %and;
    %store/vec4 v0x5571cf071450_0, 0, 32;
    %pushi/vec4 0, 0, 32;
    %store/vec4 v0x5571cf070cf0_0, 0, 32;
    %fork TD_tb_unicell_v3.chk32, S_0x5571cf07b250;
    %join;
    %vpi_call 2 204 "$display", "\012[4] Auth token \342\200\224 valid" {0 0 0};
    %pushi/vec4 1, 0, 10;
    %pushi/vec4 0, 0, 1;
    %pushi/vec4 0, 0, 2;
    %pushi/vec4 1, 0, 2;
    %pushi/vec4 1, 0, 1;
    %pushi/vec4 1, 0, 1;
    %pushi/vec4 0, 0, 1;
    %store/vec4 v0x5571cefe1d20_0, 0, 1;
    %store/vec4 v0x5571cf0d51b0_0, 0, 1;
    %store/vec4 v0x5571cf0d4f00_0, 0, 1;
    %store/vec4 v0x5571cf0d4c80_0, 0, 2;
    %store/vec4 v0x5571cf0d4d60_0, 0, 2;
    %store/vec4 v0x5571cf0d5010_0, 0, 1;
    %store/vec4 v0x5571cf0d50d0_0, 0, 10;
    %callf/vec4 TD_tb_unicell_v3.mk_cfg, S_0x5571cf0d4a60;
    %store/vec4 v0x5571cf0d58d0_0, 0, 32;
    %fork TD_tb_unicell_v3.reconfig, S_0x5571cf0d56f0;
    %join;
    %pushi/vec4 0, 0, 32; draw_string_vec4
    %pushi/vec4 0, 0, 32; draw_string_vec4
    %concat/vec4; draw_string_vec4
    %pushi/vec4 0, 0, 32; draw_string_vec4
    %concat/vec4; draw_string_vec4
    %pushi/vec4 0, 0, 32; draw_string_vec4
    %concat/vec4; draw_string_vec4
    %pushi/vec4 0, 0, 32; draw_string_vec4
    %concat/vec4; draw_string_vec4
    %pushi/vec4 1886546287, 0, 32; draw_string_vec4
    %concat/vec4; draw_string_vec4
    %pushi/vec4 1919513721, 0, 32; draw_string_vec4
    %concat/vec4; draw_string_vec4
    %pushi/vec4 544433524, 0, 32; draw_string_vec4
    %concat/vec4; draw_string_vec4
    %store/vec4 v0x5571cf072310_0, 0, 256;
    %load/vec4 v0x5571cf0d6c00_0;
    %store/vec4 v0x5571cf071ec0_0, 0, 1;
    %pushi/vec4 1, 0, 1;
    %store/vec4 v0x5571cf071960_0, 0, 1;
    %fork TD_tb_unicell_v3.chk, S_0x5571cf07a3d0;
    %join;
    %pushi/vec4 0, 0, 32; draw_string_vec4
    %pushi/vec4 0, 0, 32; draw_string_vec4
    %concat/vec4; draw_string_vec4
    %pushi/vec4 0, 0, 32; draw_string_vec4
    %concat/vec4; draw_string_vec4
    %pushi/vec4 0, 0, 32; draw_string_vec4
    %concat/vec4; draw_string_vec4
    %pushi/vec4 0, 0, 32; draw_string_vec4
    %concat/vec4; draw_string_vec4
    %pushi/vec4 116, 0, 32; draw_string_vec4
    %concat/vec4; draw_string_vec4
    %pushi/vec4 1918985061, 0, 32; draw_string_vec4
    %concat/vec4; draw_string_vec4
    %pushi/vec4 544433524, 0, 32; draw_string_vec4
    %concat/vec4; draw_string_vec4
    %store/vec4 v0x5571cf072310_0, 0, 256;
    %load/vec4 v0x5571cf0d6cd0_0;
    %store/vec4 v0x5571cf071ec0_0, 0, 1;
    %pushi/vec4 1, 0, 1;
    %store/vec4 v0x5571cf071960_0, 0, 1;
    %fork TD_tb_unicell_v3.chk, S_0x5571cf07a3d0;
    %join;
    %pushi/vec4 0, 0, 32; draw_string_vec4
    %pushi/vec4 0, 0, 32; draw_string_vec4
    %concat/vec4; draw_string_vec4
    %pushi/vec4 0, 0, 32; draw_string_vec4
    %concat/vec4; draw_string_vec4
    %pushi/vec4 0, 0, 32; draw_string_vec4
    %concat/vec4; draw_string_vec4
    %pushi/vec4 0, 0, 32; draw_string_vec4
    %concat/vec4; draw_string_vec4
    %pushi/vec4 6517881, 0, 32; draw_string_vec4
    %concat/vec4; draw_string_vec4
    %pushi/vec4 1885683020, 0, 32; draw_string_vec4
    %concat/vec4; draw_string_vec4
    %pushi/vec4 1096041288, 0, 32; draw_string_vec4
    %concat/vec4; draw_string_vec4
    %store/vec4 v0x5571cf070880_0, 0, 256;
    %load/vec4 v0x5571cf0d68c0_0;
    %ix/load 4, 25, 0;
    %flag_set/imm 4, 0;
    %shiftr 4;
    %pushi/vec4 3, 0, 32;
    %and;
    %store/vec4 v0x5571cf071450_0, 0, 32;
    %pushi/vec4 1, 0, 32;
    %store/vec4 v0x5571cf070cf0_0, 0, 32;
    %fork TD_tb_unicell_v3.chk32, S_0x5571cf07b250;
    %join;
    %vpi_call 2 212 "$display", "\012[5] Auth token \342\200\224 wrong token rejected" {0 0 0};
    %pushi/vec4 4, 0, 4;
    %pushi/vec4 256, 0, 11;
    %store/vec4 v0x5571cf0d5630_0, 0, 11;
    %store/vec4 v0x5571cf0d5450_0, 0, 4;
    %callf/vec4 TD_tb_unicell_v3.mk_cmd, S_0x5571cf0d5270;
    %store/vec4 v0x5571cf0d5bb0_0, 0, 32;
    %pushi/vec4 0, 0, 32;
    %store/vec4 v0x5571cf0d5cb0_0, 0, 32;
    %pushi/vec4 1023, 0, 10;
    %pushi/vec4 0, 0, 1;
    %pushi/vec4 3, 0, 2;
    %pushi/vec4 3, 0, 2;
    %pushi/vec4 0, 0, 1;
    %pushi/vec4 0, 0, 1;
    %pushi/vec4 1, 0, 1;
    %store/vec4 v0x5571cefe1d20_0, 0, 1;
    %store/vec4 v0x5571cf0d51b0_0, 0, 1;
    %store/vec4 v0x5571cf0d4f00_0, 0, 1;
    %store/vec4 v0x5571cf0d4c80_0, 0, 2;
    %store/vec4 v0x5571cf0d4d60_0, 0, 2;
    %store/vec4 v0x5571cf0d5010_0, 0, 1;
    %store/vec4 v0x5571cf0d50d0_0, 0, 10;
    %callf/vec4 TD_tb_unicell_v3.mk_cfg, S_0x5571cf0d4a60;
    %store/vec4 v0x5571cf0d5d90_0, 0, 32;
    %pushi/vec4 1, 0, 1;
    %store/vec4 v0x5571cf0d5e50_0, 0, 1;
    %fork TD_tb_unicell_v3.send, S_0x5571cf0d59d0;
    %join;
    %wait E_0x5571cf053bb0;
    %delay 1000, 0;
    %pushi/vec4 0, 0, 32; draw_string_vec4
    %pushi/vec4 0, 0, 32; draw_string_vec4
    %concat/vec4; draw_string_vec4
    %pushi/vec4 0, 0, 32; draw_string_vec4
    %concat/vec4; draw_string_vec4
    %pushi/vec4 28786, 0, 32; draw_string_vec4
    %concat/vec4; draw_string_vec4
    %pushi/vec4 1768911465, 0, 32; draw_string_vec4
    %concat/vec4; draw_string_vec4
    %pushi/vec4 1954095221, 0, 32; draw_string_vec4
    %concat/vec4; draw_string_vec4
    %pushi/vec4 1852008545, 0, 32; draw_string_vec4
    %concat/vec4; draw_string_vec4
    %pushi/vec4 1852269924, 0, 32; draw_string_vec4
    %concat/vec4; draw_string_vec4
    %store/vec4 v0x5571cf072310_0, 0, 256;
    %load/vec4 v0x5571cf0d6c00_0;
    %store/vec4 v0x5571cf071ec0_0, 0, 1;
    %pushi/vec4 1, 0, 1;
    %store/vec4 v0x5571cf071960_0, 0, 1;
    %fork TD_tb_unicell_v3.chk, S_0x5571cf07a3d0;
    %join;
    %pushi/vec4 0, 0, 32; draw_string_vec4
    %pushi/vec4 0, 0, 32; draw_string_vec4
    %concat/vec4; draw_string_vec4
    %pushi/vec4 0, 0, 32; draw_string_vec4
    %concat/vec4; draw_string_vec4
    %pushi/vec4 0, 0, 32; draw_string_vec4
    %concat/vec4; draw_string_vec4
    %pushi/vec4 7631457, 0, 32; draw_string_vec4
    %concat/vec4; draw_string_vec4
    %pushi/vec4 1667571829, 0, 32; draw_string_vec4
    %concat/vec4; draw_string_vec4
    %pushi/vec4 1852008545, 0, 32; draw_string_vec4
    %concat/vec4; draw_string_vec4
    %pushi/vec4 1852269924, 0, 32; draw_string_vec4
    %concat/vec4; draw_string_vec4
    %store/vec4 v0x5571cf072310_0, 0, 256;
    %load/vec4 v0x5571cf0d6cd0_0;
    %store/vec4 v0x5571cf071ec0_0, 0, 1;
    %pushi/vec4 1, 0, 1;
    %store/vec4 v0x5571cf071960_0, 0, 1;
    %fork TD_tb_unicell_v3.chk, S_0x5571cf07a3d0;
    %join;
    %pushi/vec4 0, 0, 32; draw_string_vec4
    %pushi/vec4 0, 0, 32; draw_string_vec4
    %concat/vec4; draw_string_vec4
    %pushi/vec4 0, 0, 32; draw_string_vec4
    %concat/vec4; draw_string_vec4
    %pushi/vec4 0, 0, 32; draw_string_vec4
    %concat/vec4; draw_string_vec4
    %pushi/vec4 6517881, 0, 32; draw_string_vec4
    %concat/vec4; draw_string_vec4
    %pushi/vec4 1885675637, 0, 32; draw_string_vec4
    %concat/vec4; draw_string_vec4
    %pushi/vec4 1852008545, 0, 32; draw_string_vec4
    %concat/vec4; draw_string_vec4
    %pushi/vec4 1852269924, 0, 32; draw_string_vec4
    %concat/vec4; draw_string_vec4
    %store/vec4 v0x5571cf070880_0, 0, 256;
    %load/vec4 v0x5571cf0d68c0_0;
    %ix/load 4, 25, 0;
    %flag_set/imm 4, 0;
    %shiftr 4;
    %pushi/vec4 3, 0, 32;
    %and;
    %store/vec4 v0x5571cf071450_0, 0, 32;
    %pushi/vec4 1, 0, 32;
    %store/vec4 v0x5571cf070cf0_0, 0, 32;
    %fork TD_tb_unicell_v3.chk32, S_0x5571cf07b250;
    %join;
    %vpi_call 2 222 "$display", "\012[6] CTYPE_STANDARD" {0 0 0};
    %pushi/vec4 1, 0, 10;
    %pushi/vec4 0, 0, 1;
    %pushi/vec4 0, 0, 2;
    %pushi/vec4 0, 0, 2;
    %pushi/vec4 0, 0, 1;
    %pushi/vec4 0, 0, 1;
    %pushi/vec4 0, 0, 1;
    %store/vec4 v0x5571cefe1d20_0, 0, 1;
    %store/vec4 v0x5571cf0d51b0_0, 0, 1;
    %store/vec4 v0x5571cf0d4f00_0, 0, 1;
    %store/vec4 v0x5571cf0d4c80_0, 0, 2;
    %store/vec4 v0x5571cf0d4d60_0, 0, 2;
    %store/vec4 v0x5571cf0d5010_0, 0, 1;
    %store/vec4 v0x5571cf0d50d0_0, 0, 10;
    %callf/vec4 TD_tb_unicell_v3.mk_cfg, S_0x5571cf0d4a60;
    %store/vec4 v0x5571cf0d58d0_0, 0, 32;
    %fork TD_tb_unicell_v3.reconfig, S_0x5571cf0d56f0;
    %join;
    %pushi/vec4 0, 0, 32;
    %store/vec4 v0x5571cf0d61a0_0, 0, 32;
    %pushi/vec4 4, 0, 32;
    %store/vec4 v0x5571cf0d60a0_0, 0, 32;
    %fork TD_tb_unicell_v3.write_and_wait, S_0x5571cf0d5f10;
    %join;
    %pushi/vec4 0, 0, 32; draw_string_vec4
    %pushi/vec4 0, 0, 32; draw_string_vec4
    %concat/vec4; draw_string_vec4
    %pushi/vec4 0, 0, 32; draw_string_vec4
    %concat/vec4; draw_string_vec4
    %pushi/vec4 0, 0, 32; draw_string_vec4
    %concat/vec4; draw_string_vec4
    %pushi/vec4 0, 0, 32; draw_string_vec4
    %concat/vec4; draw_string_vec4
    %pushi/vec4 29556, 0, 32; draw_string_vec4
    %concat/vec4; draw_string_vec4
    %pushi/vec4 1681530982, 0, 32; draw_string_vec4
    %concat/vec4; draw_string_vec4
    %pushi/vec4 1769104755, 0, 32; draw_string_vec4
    %concat/vec4; draw_string_vec4
    %store/vec4 v0x5571cf072310_0, 0, 256;
    %load/vec4 v0x5571cf0d6e40_0;
    %store/vec4 v0x5571cf071ec0_0, 0, 1;
    %pushi/vec4 1, 0, 1;
    %store/vec4 v0x5571cf071960_0, 0, 1;
    %fork TD_tb_unicell_v3.chk, S_0x5571cf07a3d0;
    %join;
    %pushi/vec4 0, 0, 32; draw_string_vec4
    %pushi/vec4 0, 0, 32; draw_string_vec4
    %concat/vec4; draw_string_vec4
    %pushi/vec4 0, 0, 32; draw_string_vec4
    %concat/vec4; draw_string_vec4
    %pushi/vec4 0, 0, 32; draw_string_vec4
    %concat/vec4; draw_string_vec4
    %pushi/vec4 0, 0, 32; draw_string_vec4
    %concat/vec4; draw_string_vec4
    %pushi/vec4 115, 0, 32; draw_string_vec4
    %concat/vec4; draw_string_vec4
    %pushi/vec4 1952725536, 0, 32; draw_string_vec4
    %concat/vec4; draw_string_vec4
    %pushi/vec4 1633969266, 0, 32; draw_string_vec4
    %concat/vec4; draw_string_vec4
    %store/vec4 v0x5571cf070880_0, 0, 256;
    %load/vec4 v0x5571cf0d6fb0_0;
    %store/vec4 v0x5571cf071450_0, 0, 32;
    %pushi/vec4 8192, 0, 32;
    %store/vec4 v0x5571cf070cf0_0, 0, 32;
    %fork TD_tb_unicell_v3.chk32, S_0x5571cf07b250;
    %join;
    %pushi/vec4 0, 0, 32; draw_string_vec4
    %pushi/vec4 0, 0, 32; draw_string_vec4
    %concat/vec4; draw_string_vec4
    %pushi/vec4 0, 0, 32; draw_string_vec4
    %concat/vec4; draw_string_vec4
    %pushi/vec4 0, 0, 32; draw_string_vec4
    %concat/vec4; draw_string_vec4
    %pushi/vec4 115, 0, 32; draw_string_vec4
    %concat/vec4; draw_string_vec4
    %pushi/vec4 1952725536, 0, 32; draw_string_vec4
    %concat/vec4; draw_string_vec4
    %pushi/vec4 1313821736, 0, 32; draw_string_vec4
    %concat/vec4; draw_string_vec4
    %pushi/vec4 808009009, 0, 32; draw_string_vec4
    %concat/vec4; draw_string_vec4
    %store/vec4 v0x5571cf070880_0, 0, 256;
    %load/vec4 v0x5571cf0d7080_0;
    %store/vec4 v0x5571cf071450_0, 0, 32;
    %pushi/vec4 1, 0, 32;
    %store/vec4 v0x5571cf070cf0_0, 0, 32;
    %fork TD_tb_unicell_v3.chk32, S_0x5571cf07b250;
    %join;
    %pushi/vec4 1, 0, 32;
    %store/vec4 v0x5571cf0d61a0_0, 0, 32;
    %pushi/vec4 4, 0, 32;
    %store/vec4 v0x5571cf0d60a0_0, 0, 32;
    %fork TD_tb_unicell_v3.write_and_wait, S_0x5571cf0d5f10;
    %join;
    %pushi/vec4 0, 0, 32; draw_string_vec4
    %pushi/vec4 0, 0, 32; draw_string_vec4
    %concat/vec4; draw_string_vec4
    %pushi/vec4 0, 0, 32; draw_string_vec4
    %concat/vec4; draw_string_vec4
    %pushi/vec4 0, 0, 32; draw_string_vec4
    %concat/vec4; draw_string_vec4
    %pushi/vec4 115, 0, 32; draw_string_vec4
    %concat/vec4; draw_string_vec4
    %pushi/vec4 1952725536, 0, 32; draw_string_vec4
    %concat/vec4; draw_string_vec4
    %pushi/vec4 1313821736, 0, 32; draw_string_vec4
    %concat/vec4; draw_string_vec4
    %pushi/vec4 824786224, 0, 32; draw_string_vec4
    %concat/vec4; draw_string_vec4
    %store/vec4 v0x5571cf070880_0, 0, 256;
    %load/vec4 v0x5571cf0d7080_0;
    %store/vec4 v0x5571cf071450_0, 0, 32;
    %pushi/vec4 0, 0, 32;
    %store/vec4 v0x5571cf070cf0_0, 0, 32;
    %fork TD_tb_unicell_v3.chk32, S_0x5571cf07b250;
    %join;
    %vpi_call 2 232 "$display", "\012[7] CTYPE_LATCH" {0 0 0};
    %pushi/vec4 1, 0, 10;
    %pushi/vec4 0, 0, 1;
    %pushi/vec4 0, 0, 2;
    %pushi/vec4 1, 0, 2;
    %pushi/vec4 0, 0, 1;
    %pushi/vec4 0, 0, 1;
    %pushi/vec4 0, 0, 1;
    %store/vec4 v0x5571cefe1d20_0, 0, 1;
    %store/vec4 v0x5571cf0d51b0_0, 0, 1;
    %store/vec4 v0x5571cf0d4f00_0, 0, 1;
    %store/vec4 v0x5571cf0d4c80_0, 0, 2;
    %store/vec4 v0x5571cf0d4d60_0, 0, 2;
    %store/vec4 v0x5571cf0d5010_0, 0, 1;
    %store/vec4 v0x5571cf0d50d0_0, 0, 10;
    %callf/vec4 TD_tb_unicell_v3.mk_cfg, S_0x5571cf0d4a60;
    %store/vec4 v0x5571cf0d58d0_0, 0, 32;
    %fork TD_tb_unicell_v3.reconfig, S_0x5571cf0d56f0;
    %join;
    %pushi/vec4 0, 0, 32;
    %store/vec4 v0x5571cf0d61a0_0, 0, 32;
    %pushi/vec4 4, 0, 32;
    %store/vec4 v0x5571cf0d60a0_0, 0, 32;
    %fork TD_tb_unicell_v3.write_and_wait, S_0x5571cf0d5f10;
    %join;
    %pushi/vec4 0, 0, 32; draw_string_vec4
    %pushi/vec4 0, 0, 32; draw_string_vec4
    %concat/vec4; draw_string_vec4
    %pushi/vec4 0, 0, 32; draw_string_vec4
    %concat/vec4; draw_string_vec4
    %pushi/vec4 0, 0, 32; draw_string_vec4
    %concat/vec4; draw_string_vec4
    %pushi/vec4 0, 0, 32; draw_string_vec4
    %concat/vec4; draw_string_vec4
    %pushi/vec4 1818326115, 0, 32; draw_string_vec4
    %concat/vec4; draw_string_vec4
    %pushi/vec4 1748639846, 0, 32; draw_string_vec4
    %concat/vec4; draw_string_vec4
    %pushi/vec4 1769104755, 0, 32; draw_string_vec4
    %concat/vec4; draw_string_vec4
    %store/vec4 v0x5571cf072310_0, 0, 256;
    %load/vec4 v0x5571cf0d6e40_0;
    %store/vec4 v0x5571cf071ec0_0, 0, 1;
    %pushi/vec4 1, 0, 1;
    %store/vec4 v0x5571cf071960_0, 0, 1;
    %fork TD_tb_unicell_v3.chk, S_0x5571cf07a3d0;
    %join;
    %pushi/vec4 0, 0, 32; draw_string_vec4
    %pushi/vec4 0, 0, 32; draw_string_vec4
    %concat/vec4; draw_string_vec4
    %pushi/vec4 0, 0, 32; draw_string_vec4
    %concat/vec4; draw_string_vec4
    %pushi/vec4 0, 0, 32; draw_string_vec4
    %concat/vec4; draw_string_vec4
    %pushi/vec4 7102836, 0, 32; draw_string_vec4
    %concat/vec4; draw_string_vec4
    %pushi/vec4 1667775008, 0, 32; draw_string_vec4
    %concat/vec4; draw_string_vec4
    %pushi/vec4 1313821736, 0, 32; draw_string_vec4
    %concat/vec4; draw_string_vec4
    %pushi/vec4 808009009, 0, 32; draw_string_vec4
    %concat/vec4; draw_string_vec4
    %store/vec4 v0x5571cf070880_0, 0, 256;
    %load/vec4 v0x5571cf0d7080_0;
    %store/vec4 v0x5571cf071450_0, 0, 32;
    %pushi/vec4 1, 0, 32;
    %store/vec4 v0x5571cf070cf0_0, 0, 32;
    %fork TD_tb_unicell_v3.chk32, S_0x5571cf07b250;
    %join;
    %fork TD_tb_unicell_v3.clear_fired, S_0x5571cf07aed0;
    %join;
    %pushi/vec4 2, 0, 32;
T_15.2 %dup/vec4;
    %pushi/vec4 0, 0, 32;
    %cmp/s;
    %jmp/1xz T_15.3, 5;
    %jmp/1 T_15.3, 4;
    %pushi/vec4 1, 0, 32;
    %sub;
    %wait E_0x5571cf053bb0;
    %jmp T_15.2;
T_15.3 ;
    %pop/vec4 1;
    %delay 1000, 0;
    %pushi/vec4 0, 0, 32; draw_string_vec4
    %pushi/vec4 0, 0, 32; draw_string_vec4
    %concat/vec4; draw_string_vec4
    %pushi/vec4 0, 0, 32; draw_string_vec4
    %concat/vec4; draw_string_vec4
    %pushi/vec4 0, 0, 32; draw_string_vec4
    %concat/vec4; draw_string_vec4
    %pushi/vec4 7102836, 0, 32; draw_string_vec4
    %concat/vec4; draw_string_vec4
    %pushi/vec4 1667775008, 0, 32; draw_string_vec4
    %concat/vec4; draw_string_vec4
    %pushi/vec4 1919233381, 0, 32; draw_string_vec4
    %concat/vec4; draw_string_vec4
    %pushi/vec4 1835627635, 0, 32; draw_string_vec4
    %concat/vec4; draw_string_vec4
    %store/vec4 v0x5571cf072310_0, 0, 256;
    %load/vec4 v0x5571cf0d6e40_0;
    %store/vec4 v0x5571cf071ec0_0, 0, 1;
    %pushi/vec4 1, 0, 1;
    %store/vec4 v0x5571cf071960_0, 0, 1;
    %fork TD_tb_unicell_v3.chk, S_0x5571cf07a3d0;
    %join;
    %pushi/vec4 0, 0, 32; draw_string_vec4
    %pushi/vec4 0, 0, 32; draw_string_vec4
    %concat/vec4; draw_string_vec4
    %pushi/vec4 0, 0, 32; draw_string_vec4
    %concat/vec4; draw_string_vec4
    %pushi/vec4 0, 0, 32; draw_string_vec4
    %concat/vec4; draw_string_vec4
    %pushi/vec4 7102836, 0, 32; draw_string_vec4
    %concat/vec4; draw_string_vec4
    %pushi/vec4 1667775008, 0, 32; draw_string_vec4
    %concat/vec4; draw_string_vec4
    %pushi/vec4 1919233398, 0, 32; draw_string_vec4
    %concat/vec4; draw_string_vec4
    %pushi/vec4 1634483505, 0, 32; draw_string_vec4
    %concat/vec4; draw_string_vec4
    %store/vec4 v0x5571cf070880_0, 0, 256;
    %load/vec4 v0x5571cf0d7080_0;
    %store/vec4 v0x5571cf071450_0, 0, 32;
    %pushi/vec4 1, 0, 32;
    %store/vec4 v0x5571cf070cf0_0, 0, 32;
    %fork TD_tb_unicell_v3.chk32, S_0x5571cf07b250;
    %join;
    %vpi_call 2 243 "$display", "\012[8] CTYPE_POSEDGE" {0 0 0};
    %pushi/vec4 1, 0, 10;
    %pushi/vec4 0, 0, 1;
    %pushi/vec4 0, 0, 2;
    %pushi/vec4 2, 0, 2;
    %pushi/vec4 0, 0, 1;
    %pushi/vec4 0, 0, 1;
    %pushi/vec4 0, 0, 1;
    %store/vec4 v0x5571cefe1d20_0, 0, 1;
    %store/vec4 v0x5571cf0d51b0_0, 0, 1;
    %store/vec4 v0x5571cf0d4f00_0, 0, 1;
    %store/vec4 v0x5571cf0d4c80_0, 0, 2;
    %store/vec4 v0x5571cf0d4d60_0, 0, 2;
    %store/vec4 v0x5571cf0d5010_0, 0, 1;
    %store/vec4 v0x5571cf0d50d0_0, 0, 10;
    %callf/vec4 TD_tb_unicell_v3.mk_cfg, S_0x5571cf0d4a60;
    %store/vec4 v0x5571cf0d58d0_0, 0, 32;
    %fork TD_tb_unicell_v3.reconfig, S_0x5571cf0d56f0;
    %join;
    %pushi/vec4 0, 0, 32;
    %store/vec4 v0x5571cf0d61a0_0, 0, 32;
    %pushi/vec4 4, 0, 32;
    %store/vec4 v0x5571cf0d60a0_0, 0, 32;
    %fork TD_tb_unicell_v3.write_and_wait, S_0x5571cf0d5f10;
    %join;
    %pushi/vec4 0, 0, 32; draw_string_vec4
    %pushi/vec4 0, 0, 32; draw_string_vec4
    %concat/vec4; draw_string_vec4
    %pushi/vec4 0, 0, 32; draw_string_vec4
    %concat/vec4; draw_string_vec4
    %pushi/vec4 0, 0, 32; draw_string_vec4
    %concat/vec4; draw_string_vec4
    %pushi/vec4 28783, 0, 32; draw_string_vec4
    %concat/vec4; draw_string_vec4
    %pushi/vec4 1936024679, 0, 32; draw_string_vec4
    %concat/vec4; draw_string_vec4
    %pushi/vec4 1698308198, 0, 32; draw_string_vec4
    %concat/vec4; draw_string_vec4
    %pushi/vec4 1769104755, 0, 32; draw_string_vec4
    %concat/vec4; draw_string_vec4
    %store/vec4 v0x5571cf072310_0, 0, 256;
    %load/vec4 v0x5571cf0d6e40_0;
    %store/vec4 v0x5571cf071ec0_0, 0, 1;
    %pushi/vec4 1, 0, 1;
    %store/vec4 v0x5571cf071960_0, 0, 1;
    %fork TD_tb_unicell_v3.chk, S_0x5571cf07a3d0;
    %join;
    %pushi/vec4 0, 0, 32; draw_string_vec4
    %pushi/vec4 0, 0, 32; draw_string_vec4
    %concat/vec4; draw_string_vec4
    %pushi/vec4 0, 0, 32; draw_string_vec4
    %concat/vec4; draw_string_vec4
    %pushi/vec4 112, 0, 32; draw_string_vec4
    %concat/vec4; draw_string_vec4
    %pushi/vec4 1869833572, 0, 32; draw_string_vec4
    %concat/vec4; draw_string_vec4
    %pushi/vec4 1734687264, 0, 32; draw_string_vec4
    %concat/vec4; draw_string_vec4
    %pushi/vec4 1313821736, 0, 32; draw_string_vec4
    %concat/vec4; draw_string_vec4
    %pushi/vec4 808009009, 0, 32; draw_string_vec4
    %concat/vec4; draw_string_vec4
    %store/vec4 v0x5571cf070880_0, 0, 256;
    %load/vec4 v0x5571cf0d7080_0;
    %store/vec4 v0x5571cf071450_0, 0, 32;
    %pushi/vec4 1, 0, 32;
    %store/vec4 v0x5571cf070cf0_0, 0, 32;
    %fork TD_tb_unicell_v3.chk32, S_0x5571cf07b250;
    %join;
    %vpi_call 2 250 "$display", "\012[9] CTYPE_NEGEDGE" {0 0 0};
    %pushi/vec4 1, 0, 10;
    %pushi/vec4 0, 0, 1;
    %pushi/vec4 0, 0, 2;
    %pushi/vec4 3, 0, 2;
    %pushi/vec4 0, 0, 1;
    %pushi/vec4 0, 0, 1;
    %pushi/vec4 0, 0, 1;
    %store/vec4 v0x5571cefe1d20_0, 0, 1;
    %store/vec4 v0x5571cf0d51b0_0, 0, 1;
    %store/vec4 v0x5571cf0d4f00_0, 0, 1;
    %store/vec4 v0x5571cf0d4c80_0, 0, 2;
    %store/vec4 v0x5571cf0d4d60_0, 0, 2;
    %store/vec4 v0x5571cf0d5010_0, 0, 1;
    %store/vec4 v0x5571cf0d50d0_0, 0, 10;
    %callf/vec4 TD_tb_unicell_v3.mk_cfg, S_0x5571cf0d4a60;
    %store/vec4 v0x5571cf0d58d0_0, 0, 32;
    %fork TD_tb_unicell_v3.reconfig, S_0x5571cf0d56f0;
    %join;
    %pushi/vec4 0, 0, 32;
    %store/vec4 v0x5571cf0d61a0_0, 0, 32;
    %pushi/vec4 4, 0, 32;
    %store/vec4 v0x5571cf0d60a0_0, 0, 32;
    %fork TD_tb_unicell_v3.write_and_wait, S_0x5571cf0d5f10;
    %join;
    %pushi/vec4 0, 0, 32; draw_string_vec4
    %pushi/vec4 0, 0, 32; draw_string_vec4
    %concat/vec4; draw_string_vec4
    %pushi/vec4 0, 0, 32; draw_string_vec4
    %concat/vec4; draw_string_vec4
    %pushi/vec4 0, 0, 32; draw_string_vec4
    %concat/vec4; draw_string_vec4
    %pushi/vec4 28261, 0, 32; draw_string_vec4
    %concat/vec4; draw_string_vec4
    %pushi/vec4 1734698087, 0, 32; draw_string_vec4
    %concat/vec4; draw_string_vec4
    %pushi/vec4 1698308198, 0, 32; draw_string_vec4
    %concat/vec4; draw_string_vec4
    %pushi/vec4 1769104755, 0, 32; draw_string_vec4
    %concat/vec4; draw_string_vec4
    %store/vec4 v0x5571cf072310_0, 0, 256;
    %load/vec4 v0x5571cf0d6e40_0;
    %store/vec4 v0x5571cf071ec0_0, 0, 1;
    %pushi/vec4 1, 0, 1;
    %store/vec4 v0x5571cf071960_0, 0, 1;
    %fork TD_tb_unicell_v3.chk, S_0x5571cf07a3d0;
    %join;
    %pushi/vec4 0, 0, 32; draw_string_vec4
    %pushi/vec4 0, 0, 32; draw_string_vec4
    %concat/vec4; draw_string_vec4
    %pushi/vec4 0, 0, 32; draw_string_vec4
    %concat/vec4; draw_string_vec4
    %pushi/vec4 110, 0, 32; draw_string_vec4
    %concat/vec4; draw_string_vec4
    %pushi/vec4 1701274980, 0, 32; draw_string_vec4
    %concat/vec4; draw_string_vec4
    %pushi/vec4 1734687264, 0, 32; draw_string_vec4
    %concat/vec4; draw_string_vec4
    %pushi/vec4 1313821736, 0, 32; draw_string_vec4
    %concat/vec4; draw_string_vec4
    %pushi/vec4 808009009, 0, 32; draw_string_vec4
    %concat/vec4; draw_string_vec4
    %store/vec4 v0x5571cf070880_0, 0, 256;
    %load/vec4 v0x5571cf0d7080_0;
    %store/vec4 v0x5571cf071450_0, 0, 32;
    %pushi/vec4 1, 0, 32;
    %store/vec4 v0x5571cf070cf0_0, 0, 32;
    %fork TD_tb_unicell_v3.chk32, S_0x5571cf07b250;
    %join;
    %vpi_call 2 257 "$display", "\012[10] SYNC_WAIT" {0 0 0};
    %pushi/vec4 1, 0, 10;
    %pushi/vec4 1, 0, 1;
    %pushi/vec4 0, 0, 2;
    %pushi/vec4 0, 0, 2;
    %pushi/vec4 0, 0, 1;
    %pushi/vec4 0, 0, 1;
    %pushi/vec4 0, 0, 1;
    %store/vec4 v0x5571cefe1d20_0, 0, 1;
    %store/vec4 v0x5571cf0d51b0_0, 0, 1;
    %store/vec4 v0x5571cf0d4f00_0, 0, 1;
    %store/vec4 v0x5571cf0d4c80_0, 0, 2;
    %store/vec4 v0x5571cf0d4d60_0, 0, 2;
    %store/vec4 v0x5571cf0d5010_0, 0, 1;
    %store/vec4 v0x5571cf0d50d0_0, 0, 10;
    %callf/vec4 TD_tb_unicell_v3.mk_cfg, S_0x5571cf0d4a60;
    %store/vec4 v0x5571cf0d58d0_0, 0, 32;
    %fork TD_tb_unicell_v3.reconfig, S_0x5571cf0d56f0;
    %join;
    %pushi/vec4 0, 0, 32;
    %store/vec4 v0x5571cf0d61a0_0, 0, 32;
    %pushi/vec4 4, 0, 32;
    %store/vec4 v0x5571cf0d60a0_0, 0, 32;
    %fork TD_tb_unicell_v3.write_and_wait, S_0x5571cf0d5f10;
    %join;
    %pushi/vec4 0, 0, 32; draw_string_vec4
    %pushi/vec4 0, 0, 32; draw_string_vec4
    %concat/vec4; draw_string_vec4
    %pushi/vec4 0, 0, 32; draw_string_vec4
    %concat/vec4; draw_string_vec4
    %pushi/vec4 1937337955, 0, 32; draw_string_vec4
    %concat/vec4; draw_string_vec4
    %pushi/vec4 975203951, 0, 32; draw_string_vec4
    %concat/vec4; draw_string_vec4
    %pushi/vec4 543582578, 0, 32; draw_string_vec4
    %concat/vec4; draw_string_vec4
    %pushi/vec4 1696624494, 0, 32; draw_string_vec4
    %concat/vec4; draw_string_vec4
    %pushi/vec4 540111732, 0, 32; draw_string_vec4
    %concat/vec4; draw_string_vec4
    %store/vec4 v0x5571cf072310_0, 0, 256;
    %load/vec4 v0x5571cf0d6e40_0;
    %store/vec4 v0x5571cf071ec0_0, 0, 1;
    %pushi/vec4 0, 0, 1;
    %store/vec4 v0x5571cf071960_0, 0, 1;
    %fork TD_tb_unicell_v3.chk, S_0x5571cf07a3d0;
    %join;
    %pushi/vec4 0, 0, 32;
    %store/vec4 v0x5571cf0d61a0_0, 0, 32;
    %pushi/vec4 4, 0, 32;
    %store/vec4 v0x5571cf0d60a0_0, 0, 32;
    %fork TD_tb_unicell_v3.write_and_wait, S_0x5571cf0d5f10;
    %join;
    %pushi/vec4 0, 0, 32; draw_string_vec4
    %pushi/vec4 0, 0, 32; draw_string_vec4
    %concat/vec4; draw_string_vec4
    %pushi/vec4 0, 0, 32; draw_string_vec4
    %concat/vec4; draw_string_vec4
    %pushi/vec4 29561, 0, 32; draw_string_vec4
    %concat/vec4; draw_string_vec4
    %pushi/vec4 1851996704, 0, 32; draw_string_vec4
    %concat/vec4; draw_string_vec4
    %pushi/vec4 1718186597, 0, 32; draw_string_vec4
    %concat/vec4; draw_string_vec4
    %pushi/vec4 1931505518, 0, 32; draw_string_vec4
    %concat/vec4; draw_string_vec4
    %pushi/vec4 540175972, 0, 32; draw_string_vec4
    %concat/vec4; draw_string_vec4
    %store/vec4 v0x5571cf072310_0, 0, 256;
    %load/vec4 v0x5571cf0d6e40_0;
    %store/vec4 v0x5571cf071ec0_0, 0, 1;
    %pushi/vec4 1, 0, 1;
    %store/vec4 v0x5571cf071960_0, 0, 1;
    %fork TD_tb_unicell_v3.chk, S_0x5571cf07a3d0;
    %join;
    %pushi/vec4 0, 0, 32; draw_string_vec4
    %pushi/vec4 0, 0, 32; draw_string_vec4
    %concat/vec4; draw_string_vec4
    %pushi/vec4 0, 0, 32; draw_string_vec4
    %concat/vec4; draw_string_vec4
    %pushi/vec4 0, 0, 32; draw_string_vec4
    %concat/vec4; draw_string_vec4
    %pushi/vec4 29561, 0, 32; draw_string_vec4
    %concat/vec4; draw_string_vec4
    %pushi/vec4 1851996704, 0, 32; draw_string_vec4
    %concat/vec4; draw_string_vec4
    %pushi/vec4 1313821736, 0, 32; draw_string_vec4
    %concat/vec4; draw_string_vec4
    %pushi/vec4 808009009, 0, 32; draw_string_vec4
    %concat/vec4; draw_string_vec4
    %store/vec4 v0x5571cf070880_0, 0, 256;
    %load/vec4 v0x5571cf0d7080_0;
    %store/vec4 v0x5571cf071450_0, 0, 32;
    %pushi/vec4 1, 0, 32;
    %store/vec4 v0x5571cf070cf0_0, 0, 32;
    %fork TD_tb_unicell_v3.chk32, S_0x5571cf07b250;
    %join;
    %pushi/vec4 1, 0, 32;
    %store/vec4 v0x5571cf0d61a0_0, 0, 32;
    %pushi/vec4 4, 0, 32;
    %store/vec4 v0x5571cf0d60a0_0, 0, 32;
    %fork TD_tb_unicell_v3.write_and_wait, S_0x5571cf0d5f10;
    %join;
    %pushi/vec4 7567726, 0, 32; draw_string_vec4
    %pushi/vec4 1664753774, 0, 32; draw_string_vec4
    %concat/vec4; draw_string_vec4
    %pushi/vec4 1864394345, 0, 32; draw_string_vec4
    %concat/vec4; draw_string_vec4
    %pushi/vec4 1919230063, 0, 32; draw_string_vec4
    %concat/vec4; draw_string_vec4
    %pushi/vec4 1847604082, 0, 32; draw_string_vec4
    %concat/vec4; draw_string_vec4
    %pushi/vec4 1679829106, 0, 32; draw_string_vec4
    %concat/vec4; draw_string_vec4
    %pushi/vec4 1697472882, 0, 32; draw_string_vec4
    %concat/vec4; draw_string_vec4
    %pushi/vec4 1835361321, 0, 32; draw_string_vec4
    %concat/vec4; draw_string_vec4
    %store/vec4 v0x5571cf072310_0, 0, 256;
    %load/vec4 v0x5571cf0d6e40_0;
    %store/vec4 v0x5571cf071ec0_0, 0, 1;
    %pushi/vec4 0, 0, 1;
    %store/vec4 v0x5571cf071960_0, 0, 1;
    %fork TD_tb_unicell_v3.chk, S_0x5571cf07a3d0;
    %join;
    %vpi_call 2 268 "$display", "\012[11] CMD_FREEZE / CMD_RELEASE" {0 0 0};
    %pushi/vec4 1, 0, 10;
    %pushi/vec4 0, 0, 1;
    %pushi/vec4 0, 0, 2;
    %pushi/vec4 0, 0, 2;
    %pushi/vec4 0, 0, 1;
    %pushi/vec4 0, 0, 1;
    %pushi/vec4 0, 0, 1;
    %store/vec4 v0x5571cefe1d20_0, 0, 1;
    %store/vec4 v0x5571cf0d51b0_0, 0, 1;
    %store/vec4 v0x5571cf0d4f00_0, 0, 1;
    %store/vec4 v0x5571cf0d4c80_0, 0, 2;
    %store/vec4 v0x5571cf0d4d60_0, 0, 2;
    %store/vec4 v0x5571cf0d5010_0, 0, 1;
    %store/vec4 v0x5571cf0d50d0_0, 0, 10;
    %callf/vec4 TD_tb_unicell_v3.mk_cfg, S_0x5571cf0d4a60;
    %store/vec4 v0x5571cf0d58d0_0, 0, 32;
    %fork TD_tb_unicell_v3.reconfig, S_0x5571cf0d56f0;
    %join;
    %pushi/vec4 5, 0, 4;
    %pushi/vec4 677, 0, 11;
    %store/vec4 v0x5571cf0d5630_0, 0, 11;
    %store/vec4 v0x5571cf0d5450_0, 0, 4;
    %callf/vec4 TD_tb_unicell_v3.mk_cmd, S_0x5571cf0d5270;
    %store/vec4 v0x5571cf0d5bb0_0, 0, 32;
    %pushi/vec4 0, 0, 32;
    %store/vec4 v0x5571cf0d5cb0_0, 0, 32;
    %pushi/vec4 0, 0, 32;
    %store/vec4 v0x5571cf0d5d90_0, 0, 32;
    %pushi/vec4 0, 0, 1;
    %store/vec4 v0x5571cf0d5e50_0, 0, 1;
    %fork TD_tb_unicell_v3.send, S_0x5571cf0d59d0;
    %join;
    %wait E_0x5571cf053bb0;
    %delay 1000, 0;
    %pushi/vec4 0, 0, 32; draw_string_vec4
    %pushi/vec4 0, 0, 32; draw_string_vec4
    %concat/vec4; draw_string_vec4
    %pushi/vec4 6713967, 0, 32; draw_string_vec4
    %concat/vec4; draw_string_vec4
    %pushi/vec4 2053467680, 0, 32; draw_string_vec4
    %concat/vec4; draw_string_vec4
    %pushi/vec4 1634104421, 0, 32; draw_string_vec4
    %concat/vec4; draw_string_vec4
    %pushi/vec4 1914717005, 0, 32; draw_string_vec4
    %concat/vec4; draw_string_vec4
    %pushi/vec4 1147094610, 0, 32; draw_string_vec4
    %concat/vec4; draw_string_vec4
    %pushi/vec4 1162172997, 0, 32; draw_string_vec4
    %concat/vec4; draw_string_vec4
    %store/vec4 v0x5571cf072310_0, 0, 256;
    %load/vec4 v0x5571cf0d6990_0;
    %store/vec4 v0x5571cf071ec0_0, 0, 1;
    %pushi/vec4 1, 0, 1;
    %store/vec4 v0x5571cf071960_0, 0, 1;
    %fork TD_tb_unicell_v3.chk, S_0x5571cf07a3d0;
    %join;
    %pushi/vec4 0, 0, 32;
    %store/vec4 v0x5571cf0d61a0_0, 0, 32;
    %pushi/vec4 4, 0, 32;
    %store/vec4 v0x5571cf0d60a0_0, 0, 32;
    %fork TD_tb_unicell_v3.write_and_wait, S_0x5571cf0d5f10;
    %join;
    %pushi/vec4 0, 0, 32; draw_string_vec4
    %pushi/vec4 0, 0, 32; draw_string_vec4
    %concat/vec4; draw_string_vec4
    %pushi/vec4 28271, 0, 32; draw_string_vec4
    %concat/vec4; draw_string_vec4
    %pushi/vec4 544175476, 0, 32; draw_string_vec4
    %concat/vec4; draw_string_vec4
    %pushi/vec4 1886745632, 0, 32; draw_string_vec4
    %concat/vec4; draw_string_vec4
    %pushi/vec4 2003331436, 0, 32; draw_string_vec4
    %concat/vec4; draw_string_vec4
    %pushi/vec4 1696622194, 0, 32; draw_string_vec4
    %concat/vec4; draw_string_vec4
    %pushi/vec4 1870292334, 0, 32; draw_string_vec4
    %concat/vec4; draw_string_vec4
    %store/vec4 v0x5571cf072310_0, 0, 256;
    %load/vec4 v0x5571cf0d6e40_0;
    %store/vec4 v0x5571cf071ec0_0, 0, 1;
    %pushi/vec4 0, 0, 1;
    %store/vec4 v0x5571cf071960_0, 0, 1;
    %fork TD_tb_unicell_v3.chk, S_0x5571cf07a3d0;
    %join;
    %pushi/vec4 6, 0, 4;
    %pushi/vec4 677, 0, 11;
    %store/vec4 v0x5571cf0d5630_0, 0, 11;
    %store/vec4 v0x5571cf0d5450_0, 0, 4;
    %callf/vec4 TD_tb_unicell_v3.mk_cmd, S_0x5571cf0d5270;
    %store/vec4 v0x5571cf0d5bb0_0, 0, 32;
    %pushi/vec4 0, 0, 32;
    %store/vec4 v0x5571cf0d5cb0_0, 0, 32;
    %pushi/vec4 0, 0, 32;
    %store/vec4 v0x5571cf0d5d90_0, 0, 32;
    %pushi/vec4 0, 0, 1;
    %store/vec4 v0x5571cf0d5e50_0, 0, 1;
    %fork TD_tb_unicell_v3.send, S_0x5571cf0d59d0;
    %join;
    %wait E_0x5571cf053bb0;
    %delay 1000, 0;
    %pushi/vec4 0, 0, 32; draw_string_vec4
    %pushi/vec4 29285, 0, 32; draw_string_vec4
    %concat/vec4; draw_string_vec4
    %pushi/vec4 1818583411, 0, 32; draw_string_vec4
    %concat/vec4; draw_string_vec4
    %pushi/vec4 1701060705, 0, 32; draw_string_vec4
    %concat/vec4; draw_string_vec4
    %pushi/vec4 1718904178, 0, 32; draw_string_vec4
    %concat/vec4; draw_string_vec4
    %pushi/vec4 541281604, 0, 32; draw_string_vec4
    %concat/vec4; draw_string_vec4
    %pushi/vec4 1599227212, 0, 32; draw_string_vec4
    %concat/vec4; draw_string_vec4
    %pushi/vec4 1161909061, 0, 32; draw_string_vec4
    %concat/vec4; draw_string_vec4
    %store/vec4 v0x5571cf072310_0, 0, 256;
    %load/vec4 v0x5571cf0d6990_0;
    %store/vec4 v0x5571cf071ec0_0, 0, 1;
    %pushi/vec4 0, 0, 1;
    %store/vec4 v0x5571cf071960_0, 0, 1;
    %fork TD_tb_unicell_v3.chk, S_0x5571cf07a3d0;
    %join;
    %vpi_call 2 280 "$display", "\012[12] Freeze wire" {0 0 0};
    %pushi/vec4 1, 0, 1;
    %store/vec4 v0x5571cf0d6ee0_0, 0, 1;
    %wait E_0x5571cf053bb0;
    %delay 1000, 0;
    %pushi/vec4 0, 0, 32; draw_string_vec4
    %pushi/vec4 0, 0, 32; draw_string_vec4
    %concat/vec4; draw_string_vec4
    %pushi/vec4 0, 0, 32; draw_string_vec4
    %concat/vec4; draw_string_vec4
    %pushi/vec4 0, 0, 32; draw_string_vec4
    %concat/vec4; draw_string_vec4
    %pushi/vec4 26226, 0, 32; draw_string_vec4
    %concat/vec4; draw_string_vec4
    %pushi/vec4 1870292334, 0, 32; draw_string_vec4
    %concat/vec4; draw_string_vec4
    %pushi/vec4 543324448, 0, 32; draw_string_vec4
    %concat/vec4; draw_string_vec4
    %pushi/vec4 2003399269, 0, 32; draw_string_vec4
    %concat/vec4; draw_string_vec4
    %store/vec4 v0x5571cf072310_0, 0, 256;
    %load/vec4 v0x5571cf0d6990_0;
    %store/vec4 v0x5571cf071ec0_0, 0, 1;
    %pushi/vec4 1, 0, 1;
    %store/vec4 v0x5571cf071960_0, 0, 1;
    %fork TD_tb_unicell_v3.chk, S_0x5571cf07a3d0;
    %join;
    %pushi/vec4 0, 0, 32;
    %store/vec4 v0x5571cf0d61a0_0, 0, 32;
    %pushi/vec4 4, 0, 32;
    %store/vec4 v0x5571cf0d60a0_0, 0, 32;
    %fork TD_tb_unicell_v3.write_and_wait, S_0x5571cf0d5f10;
    %join;
    %pushi/vec4 0, 0, 32; draw_string_vec4
    %pushi/vec4 7237408, 0, 32; draw_string_vec4
    %concat/vec4; draw_string_vec4
    %pushi/vec4 1869968496, 0, 32; draw_string_vec4
    %concat/vec4; draw_string_vec4
    %pushi/vec4 1970544759, 0, 32; draw_string_vec4
    %concat/vec4; draw_string_vec4
    %pushi/vec4 1751739493, 0, 32; draw_string_vec4
    %concat/vec4; draw_string_vec4
    %pushi/vec4 543584869, 0, 32; draw_string_vec4
    %concat/vec4; draw_string_vec4
    %pushi/vec4 1702520096, 0, 32; draw_string_vec4
    %concat/vec4; draw_string_vec4
    %pushi/vec4 2003399269, 0, 32; draw_string_vec4
    %concat/vec4; draw_string_vec4
    %store/vec4 v0x5571cf072310_0, 0, 256;
    %load/vec4 v0x5571cf0d6e40_0;
    %store/vec4 v0x5571cf071ec0_0, 0, 1;
    %pushi/vec4 0, 0, 1;
    %store/vec4 v0x5571cf071960_0, 0, 1;
    %fork TD_tb_unicell_v3.chk, S_0x5571cf07a3d0;
    %join;
    %pushi/vec4 0, 0, 1;
    %store/vec4 v0x5571cf0d6ee0_0, 0, 1;
    %vpi_call 2 288 "$display", "\012[13] Priority / trace / breakpoint" {0 0 0};
    %pushi/vec4 1, 0, 10;
    %pushi/vec4 0, 0, 1;
    %pushi/vec4 0, 0, 2;
    %pushi/vec4 0, 0, 2;
    %pushi/vec4 1, 0, 1;
    %pushi/vec4 1, 0, 1;
    %pushi/vec4 1, 0, 1;
    %store/vec4 v0x5571cefe1d20_0, 0, 1;
    %store/vec4 v0x5571cf0d51b0_0, 0, 1;
    %store/vec4 v0x5571cf0d4f00_0, 0, 1;
    %store/vec4 v0x5571cf0d4c80_0, 0, 2;
    %store/vec4 v0x5571cf0d4d60_0, 0, 2;
    %store/vec4 v0x5571cf0d5010_0, 0, 1;
    %store/vec4 v0x5571cf0d50d0_0, 0, 10;
    %callf/vec4 TD_tb_unicell_v3.mk_cfg, S_0x5571cf0d4a60;
    %store/vec4 v0x5571cf0d58d0_0, 0, 32;
    %fork TD_tb_unicell_v3.reconfig, S_0x5571cf0d56f0;
    %join;
    %pushi/vec4 0, 0, 32; draw_string_vec4
    %pushi/vec4 0, 0, 32; draw_string_vec4
    %concat/vec4; draw_string_vec4
    %pushi/vec4 0, 0, 32; draw_string_vec4
    %concat/vec4; draw_string_vec4
    %pushi/vec4 0, 0, 32; draw_string_vec4
    %concat/vec4; draw_string_vec4
    %pushi/vec4 7369321, 0, 32; draw_string_vec4
    %concat/vec4; draw_string_vec4
    %pushi/vec4 1869769076, 0, 32; draw_string_vec4
    %concat/vec4; draw_string_vec4
    %pushi/vec4 2032169844, 0, 32; draw_string_vec4
    %concat/vec4; draw_string_vec4
    %pushi/vec4 1869768036, 0, 32; draw_string_vec4
    %concat/vec4; draw_string_vec4
    %store/vec4 v0x5571cf072310_0, 0, 256;
    %load/vec4 v0x5571cf0d6c00_0;
    %store/vec4 v0x5571cf071ec0_0, 0, 1;
    %pushi/vec4 1, 0, 1;
    %store/vec4 v0x5571cf071960_0, 0, 1;
    %fork TD_tb_unicell_v3.chk, S_0x5571cf07a3d0;
    %join;
    %pushi/vec4 0, 0, 32; draw_string_vec4
    %pushi/vec4 0, 0, 32; draw_string_vec4
    %concat/vec4; draw_string_vec4
    %pushi/vec4 0, 0, 32; draw_string_vec4
    %concat/vec4; draw_string_vec4
    %pushi/vec4 0, 0, 32; draw_string_vec4
    %concat/vec4; draw_string_vec4
    %pushi/vec4 0, 0, 32; draw_string_vec4
    %concat/vec4; draw_string_vec4
    %pushi/vec4 1953653091, 0, 32; draw_string_vec4
    %concat/vec4; draw_string_vec4
    %pushi/vec4 1696625524, 0, 32; draw_string_vec4
    %concat/vec4; draw_string_vec4
    %pushi/vec4 1869768036, 0, 32; draw_string_vec4
    %concat/vec4; draw_string_vec4
    %store/vec4 v0x5571cf072310_0, 0, 256;
    %load/vec4 v0x5571cf0d6cd0_0;
    %store/vec4 v0x5571cf071ec0_0, 0, 1;
    %pushi/vec4 1, 0, 1;
    %store/vec4 v0x5571cf071960_0, 0, 1;
    %fork TD_tb_unicell_v3.chk, S_0x5571cf07a3d0;
    %join;
    %pushi/vec4 0, 0, 32; draw_string_vec4
    %pushi/vec4 0, 0, 32; draw_string_vec4
    %concat/vec4; draw_string_vec4
    %pushi/vec4 0, 0, 32; draw_string_vec4
    %concat/vec4; draw_string_vec4
    %pushi/vec4 98, 0, 32; draw_string_vec4
    %concat/vec4; draw_string_vec4
    %pushi/vec4 1919246699, 0, 32; draw_string_vec4
    %concat/vec4; draw_string_vec4
    %pushi/vec4 1886349678, 0, 32; draw_string_vec4
    %concat/vec4; draw_string_vec4
    %pushi/vec4 1948283764, 0, 32; draw_string_vec4
    %concat/vec4; draw_string_vec4
    %pushi/vec4 1869768036, 0, 32; draw_string_vec4
    %concat/vec4; draw_string_vec4
    %store/vec4 v0x5571cf072310_0, 0, 256;
    %load/vec4 v0x5571cf0d67f0_0;
    %store/vec4 v0x5571cf071ec0_0, 0, 1;
    %pushi/vec4 1, 0, 1;
    %store/vec4 v0x5571cf071960_0, 0, 1;
    %fork TD_tb_unicell_v3.chk, S_0x5571cf07a3d0;
    %join;
    %vpi_call 2 295 "$display", "\012[14] Data type field" {0 0 0};
    %pushi/vec4 1, 0, 10;
    %pushi/vec4 0, 0, 1;
    %pushi/vec4 1, 0, 2;
    %pushi/vec4 0, 0, 2;
    %pushi/vec4 0, 0, 1;
    %pushi/vec4 0, 0, 1;
    %pushi/vec4 0, 0, 1;
    %store/vec4 v0x5571cefe1d20_0, 0, 1;
    %store/vec4 v0x5571cf0d51b0_0, 0, 1;
    %store/vec4 v0x5571cf0d4f00_0, 0, 1;
    %store/vec4 v0x5571cf0d4c80_0, 0, 2;
    %store/vec4 v0x5571cf0d4d60_0, 0, 2;
    %store/vec4 v0x5571cf0d5010_0, 0, 1;
    %store/vec4 v0x5571cf0d50d0_0, 0, 10;
    %callf/vec4 TD_tb_unicell_v3.mk_cfg, S_0x5571cf0d4a60;
    %store/vec4 v0x5571cf0d58d0_0, 0, 32;
    %fork TD_tb_unicell_v3.reconfig, S_0x5571cf0d56f0;
    %join;
    %pushi/vec4 0, 0, 32; draw_string_vec4
    %pushi/vec4 0, 0, 32; draw_string_vec4
    %concat/vec4; draw_string_vec4
    %pushi/vec4 0, 0, 32; draw_string_vec4
    %concat/vec4; draw_string_vec4
    %pushi/vec4 0, 0, 32; draw_string_vec4
    %concat/vec4; draw_string_vec4
    %pushi/vec4 0, 0, 32; draw_string_vec4
    %concat/vec4; draw_string_vec4
    %pushi/vec4 1685354864, 0, 32; draw_string_vec4
    %concat/vec4; draw_string_vec4
    %pushi/vec4 1698517833, 0, 32; draw_string_vec4
    %concat/vec4; draw_string_vec4
    %pushi/vec4 1196311876, 0, 32; draw_string_vec4
    %concat/vec4; draw_string_vec4
    %store/vec4 v0x5571cf070880_0, 0, 256;
    %load/vec4 v0x5571cf0d68c0_0;
    %ix/load 4, 23, 0;
    %flag_set/imm 4, 0;
    %shiftr 4;
    %pushi/vec4 3, 0, 32;
    %and;
    %store/vec4 v0x5571cf071450_0, 0, 32;
    %pushi/vec4 1, 0, 32;
    %store/vec4 v0x5571cf070cf0_0, 0, 32;
    %fork TD_tb_unicell_v3.chk32, S_0x5571cf07b250;
    %join;
    %vpi_call 2 300 "$display", "\012[15] auth_mask zeroed on dbg_cmd_latch" {0 0 0};
    %pushi/vec4 0, 0, 32; draw_string_vec4
    %pushi/vec4 0, 0, 32; draw_string_vec4
    %concat/vec4; draw_string_vec4
    %pushi/vec4 0, 0, 32; draw_string_vec4
    %concat/vec4; draw_string_vec4
    %pushi/vec4 0, 0, 32; draw_string_vec4
    %concat/vec4; draw_string_vec4
    %pushi/vec4 0, 0, 32; draw_string_vec4
    %concat/vec4; draw_string_vec4
    %pushi/vec4 6387060, 0, 32; draw_string_vec4
    %concat/vec4; draw_string_vec4
    %pushi/vec4 1746952809, 0, 32; draw_string_vec4
    %concat/vec4; draw_string_vec4
    %pushi/vec4 1953709360, 0, 32; draw_string_vec4
    %concat/vec4; draw_string_vec4
    %store/vec4 v0x5571cf070880_0, 0, 256;
    %load/vec4 v0x5571cf0d68c0_0;
    %pushi/vec4 4192256, 0, 32;
    %and;
    %store/vec4 v0x5571cf071450_0, 0, 32;
    %pushi/vec4 0, 0, 32;
    %store/vec4 v0x5571cf070cf0_0, 0, 32;
    %fork TD_tb_unicell_v3.chk32, S_0x5571cf07b250;
    %join;
    %vpi_call 2 304 "$display", "\012[16] CMD_PING" {0 0 0};
    %fork TD_tb_unicell_v3.clear_fired, S_0x5571cf07aed0;
    %join;
    %pushi/vec4 9, 0, 4;
    %pushi/vec4 0, 0, 11;
    %store/vec4 v0x5571cf0d5630_0, 0, 11;
    %store/vec4 v0x5571cf0d5450_0, 0, 4;
    %callf/vec4 TD_tb_unicell_v3.mk_cmd, S_0x5571cf0d5270;
    %store/vec4 v0x5571cf0d5bb0_0, 0, 32;
    %pushi/vec4 0, 0, 32;
    %store/vec4 v0x5571cf0d5cb0_0, 0, 32;
    %pushi/vec4 0, 0, 32;
    %store/vec4 v0x5571cf0d5d90_0, 0, 32;
    %pushi/vec4 0, 0, 1;
    %store/vec4 v0x5571cf0d5e50_0, 0, 1;
    %fork TD_tb_unicell_v3.send, S_0x5571cf0d59d0;
    %join;
    %wait E_0x5571cf053bb0;
    %delay 1000, 0;
    %pushi/vec4 0, 0, 32; draw_string_vec4
    %pushi/vec4 0, 0, 32; draw_string_vec4
    %concat/vec4; draw_string_vec4
    %pushi/vec4 0, 0, 32; draw_string_vec4
    %concat/vec4; draw_string_vec4
    %pushi/vec4 0, 0, 32; draw_string_vec4
    %concat/vec4; draw_string_vec4
    %pushi/vec4 0, 0, 32; draw_string_vec4
    %concat/vec4; draw_string_vec4
    %pushi/vec4 7367022, 0, 32; draw_string_vec4
    %concat/vec4; draw_string_vec4
    %pushi/vec4 1731862630, 0, 32; draw_string_vec4
    %concat/vec4; draw_string_vec4
    %pushi/vec4 1769104740, 0, 32; draw_string_vec4
    %concat/vec4; draw_string_vec4
    %store/vec4 v0x5571cf072310_0, 0, 256;
    %load/vec4 v0x5571cf0d6e40_0;
    %store/vec4 v0x5571cf071ec0_0, 0, 1;
    %pushi/vec4 1, 0, 1;
    %store/vec4 v0x5571cf071960_0, 0, 1;
    %fork TD_tb_unicell_v3.chk, S_0x5571cf07a3d0;
    %join;
    %pushi/vec4 0, 0, 32; draw_string_vec4
    %pushi/vec4 0, 0, 32; draw_string_vec4
    %concat/vec4; draw_string_vec4
    %pushi/vec4 0, 0, 32; draw_string_vec4
    %concat/vec4; draw_string_vec4
    %pushi/vec4 0, 0, 32; draw_string_vec4
    %concat/vec4; draw_string_vec4
    %pushi/vec4 1885957735, 0, 32; draw_string_vec4
    %concat/vec4; draw_string_vec4
    %pushi/vec4 975192901, 0, 32; draw_string_vec4
    %concat/vec4; draw_string_vec4
    %pushi/vec4 1280073545, 0, 32; draw_string_vec4
    %concat/vec4; draw_string_vec4
    %pushi/vec4 1144861746, 0, 32; draw_string_vec4
    %concat/vec4; draw_string_vec4
    %store/vec4 v0x5571cf070880_0, 0, 256;
    %load/vec4 v0x5571cf0d7080_0;
    %store/vec4 v0x5571cf071450_0, 0, 32;
    %pushi/vec4 42, 0, 32;
    %store/vec4 v0x5571cf070cf0_0, 0, 32;
    %fork TD_tb_unicell_v3.chk32, S_0x5571cf07b250;
    %join;
    %vpi_call 2 312 "$display", "\012=== %0d passed, %0d failed ===", v0x5571cf0d7220_0, v0x5571cf0d6da0_0 {0 0 0};
    %load/vec4 v0x5571cf0d6da0_0;
    %cmpi/e 0, 0, 32;
    %jmp/0xz  T_15.4, 4;
    %vpi_call 2 313 "$display", "ALL TESTS PASSED" {0 0 0};
    %jmp T_15.5;
T_15.4 ;
    %vpi_call 2 314 "$display", "FAILURES \342\200\224 review above" {0 0 0};
T_15.5 ;
    %vpi_call 2 315 "$finish" {0 0 0};
    %end;
    .thread T_15;
    .scope S_0x5571cf0930d0;
T_16 ;
    %delay 200000000, 0;
    %vpi_call 2 318 "$display", "TIMEOUT" {0 0 0};
    %vpi_call 2 318 "$finish" {0 0 0};
    %end;
    .thread T_16;
# The file index is used to find the file name in the following table.
:file_names 4;
    "N/A";
    "<interactive>";
    "tb_unicell_v3.v";
    "unicell_v3.v";
